 webgen

 Timestamp is 5f5d1735 (Sat Sep 12 19:45:09 2020)

 Preferred load address is 0000000140000000

 Start         Length     Name                   Class
 0001:00000000 00002260H .text$mn                CODE
 0001:00002260 00000020H .text$mn$00             CODE
 0001:00002280 0000006dH .text$x                 CODE
 0002:00000000 000001a0H .idata$5                DATA
 0002:000001a0 00000010H .00cfg                  DATA
 0002:000001b0 00000008H .CRT$XCA                DATA
 0002:000001b8 00000008H .CRT$XCAA               DATA
 0002:000001c0 00000008H .CRT$XCZ                DATA
 0002:000001c8 00000008H .CRT$XIA                DATA
 0002:000001d0 00000008H .CRT$XIAA               DATA
 0002:000001d8 00000008H .CRT$XIAC               DATA
 0002:000001e0 00000008H .CRT$XIZ                DATA
 0002:000001e8 00000008H .CRT$XPA                DATA
 0002:000001f0 00000008H .CRT$XPZ                DATA
 0002:000001f8 00000008H .CRT$XTA                DATA
 0002:00000200 00000010H .CRT$XTZ                DATA
 0002:00000208 00000000H .gfids$y                DATA
 0002:00000210 000002f0H .rdata                  DATA
 0002:00000500 000002a0H .rdata$zzzdbg           DATA
 0002:000007a0 00000008H .rtc$IAA                DATA
 0002:000007a8 00000008H .rtc$IZZ                DATA
 0002:000007b0 00000008H .rtc$TAA                DATA
 0002:000007b8 00000008H .rtc$TZZ                DATA
 0002:000007c0 00000184H .xdata                  DATA
 0002:00000944 00000000H .edata                  DATA
 0002:00000944 0000003cH .idata$2                DATA
 0002:00000980 00000018H .idata$3                DATA
 0002:00000998 000001a0H .idata$4                DATA
 0002:00000b38 0000041aH .idata$6                DATA
 0003:00000000 00000050H .data                   DATA
 0003:00000050 000005f0H .bss                    DATA
 0004:00000000 00000318H .pdata                  DATA

  Address         Publics by Value              Rva+Base               Lib:Object

 0000:00000000       __enclave_config           0000000000000000     <absolute>
 0000:00000000       __dynamic_value_reloc_table 0000000000000000     <absolute>
 0000:00000000       ___safe_se_handler_count   0000000000000000     <absolute>
 0000:00000000       __guard_longjmp_table      0000000000000000     <absolute>
 0000:00000000       __guard_longjmp_count      0000000000000000     <absolute>
 0000:00000000       __volatile_metadata        0000000000000000     <absolute>
 0000:00000000       __hybrid_auxiliary_iat     0000000000000000     <absolute>
 0000:00000000       __guard_iat_table          0000000000000000     <absolute>
 0000:00000000       __guard_iat_count          0000000000000000     <absolute>
 0000:00000000       __guard_fids_count         0000000000000000     <absolute>
 0000:00000000       __hybrid_code_map_count    0000000000000000     <absolute>
 0000:00000000       __hybrid_code_map          0000000000000000     <absolute>
 0000:00000000       ___safe_se_handler_table   0000000000000000     <absolute>
 0000:00000000       __guard_fids_table         0000000000000000     <absolute>
 0000:00000100       __guard_flags              0000000000000100     <absolute>
 0000:00000000       __ImageBase                0000000140000000     <linker-defined>
 0001:00000160       ?Init@string_builder@@QEAAX_J@Z 0000000140001160 f   main.obj
 0001:00000210       ?AppendStr@string_builder@@QEAAXUstring@@@Z 0000000140001210 f   main.obj
 0001:00000320       ?AppendCharacter@string_builder@@QEAAXE@Z 0000000140001320 f   main.obj
 0001:000003e0       ?AppendCStr@string_builder@@QEAAXPEBD@Z 00000001400013e0 f   main.obj
 0001:000004f0       ?ToLower@string_builder@@QEAAXXZ 00000001400014f0 f   main.obj
 0001:00000520       ?ToUpper@string_builder@@QEAAXXZ 0000000140001520 f   main.obj
 0001:00000550       ?NullTerminate@string_builder@@QEAAXXZ 0000000140001550 f   main.obj
 0001:00000580       ?GetChar@string_builder@@QEAADH@Z 0000000140001580 f   main.obj
 0001:000005e0       ?PutChar@string_builder@@QEAAXHD@Z 00000001400015e0 f   main.obj
 0001:00000650       ?At@string_builder@@QEAAPEADXZ 0000000140001650 f   main.obj
 0001:00000780       main                       0000000140001780 f   main.obj
 0001:000009b0       __local_stdio_printf_options 00000001400019b0 f i main.obj
 0001:000009c0       _vfprintf_l                00000001400019c0 f i main.obj
 0001:00000a10       printf                     0000000140001a10 f i main.obj
 0001:00000a70       snprintf                   0000000140001a70 f i main.obj
 0001:00000ad0       vsnprintf                  0000000140001ad0 f i main.obj
 0001:00000e00       ?configure_argv@__scrt_narrow_argv_policy@@SAHXZ 0000000140001e00 f i MSVCRTD:exe_main.obj
 0001:00000e20       ?initialize_environment@__scrt_narrow_environment_policy@@SAHXZ 0000000140001e20 f i MSVCRTD:exe_main.obj
 0001:00000e70       ?set_app_type@__scrt_main_policy@@SAXXZ 0000000140001e70 f i MSVCRTD:exe_main.obj
 0001:00000e90       ?set_commode@__scrt_file_policy@@SAXXZ 0000000140001e90 f i MSVCRTD:exe_main.obj
 0001:00000eb0       ?set_fmode@__scrt_file_policy@@SAXXZ 0000000140001eb0 f i MSVCRTD:exe_main.obj
 0001:00000ed0       mainCRTStartup             0000000140001ed0 f   MSVCRTD:exe_main.obj
 0001:00000ee0       ??$__crt_fast_decode_pointer@PEAP6AXXZ@@YAPEAP6AXXZQEAP6AXXZ@Z 0000000140001ee0 f i MSVCRTD:utility.obj
 0001:00000f20       ??$__crt_fast_encode_pointer@PEAP6AXXZ@@YAPEAP6AXXZQEAP6AXXZ@Z 0000000140001f20 f i MSVCRTD:utility.obj
 0001:00000f60       ?__crt_rotate_pointer_value@@YA_K_KH@Z 0000000140001f60 f i MSVCRTD:utility.obj
 0001:000010e0       NtCurrentTeb               00000001400020e0 f i MSVCRTD:utility.obj
 0001:000010f0       __scrt_acquire_startup_lock 00000001400020f0 f   MSVCRTD:utility.obj
 0001:00001160       __scrt_initialize_crt      0000000140002160 f   MSVCRTD:utility.obj
 0001:000011b0       __scrt_initialize_onexit_tables 00000001400021b0 f   MSVCRTD:utility.obj
 0001:000012c0       __scrt_is_nonwritable_in_current_image 00000001400022c0 f   MSVCRTD:utility.obj
 0001:00001350       __scrt_release_startup_lock 0000000140002350 f   MSVCRTD:utility.obj
 0001:00001380       __scrt_uninitialize_crt    0000000140002380 f   MSVCRTD:utility.obj
 0001:000013c0       _onexit                    00000001400023c0 f   MSVCRTD:utility.obj
 0001:00001450       atexit                     0000000140002450 f   MSVCRTD:utility.obj
 0001:00001550       __security_init_cookie     0000000140002550 f   MSVCRTD:gs_support.obj
 0001:000015d0       _matherr                   00000001400025d0 f   MSVCRTD:matherr.obj
 0001:000015e0       _get_startup_argv_mode     00000001400025e0 f   MSVCRTD:argv_mode.obj
 0001:000015f0       _get_startup_new_mode      00000001400025f0 f   MSVCRTD:new_mode.obj
 0001:000015f0       _get_startup_thread_locale_mode 00000001400025f0 f   MSVCRTD:thread_locale.obj
 0001:000015f0       _get_startup_commit_mode   00000001400025f0 f   MSVCRTD:commit_mode.obj
 0001:000015f0       __scrt_stub_for_initialize_mta 00000001400025f0 f   MSVCRTD:utility_desktop.obj
 0001:000015f0       __scrt_initialize_winrt    00000001400025f0 f   MSVCRTD:utility_desktop.obj
 0001:000015f0       __scrt_exe_initialize_mta  00000001400025f0 f   MSVCRTD:utility_desktop.obj
 0001:00001600       _get_startup_file_mode     0000000140002600 f   MSVCRTD:file_mode.obj
 0001:00001610       ?__scrt_initialize_type_info@@YAXXZ 0000000140002610 f   MSVCRTD:tncleanup.obj
 0001:00001630       _should_initialize_environment 0000000140002630 f   MSVCRTD:env_mode.obj
 0001:00001630       __vcrt_initialize          0000000140002630 f   MSVCRTD:ucrt_stubs.obj
 0001:00001630       __scrt_stub_for_acrt_initialize 0000000140002630 f   MSVCRTD:ucrt_stubs.obj
 0001:00001630       __acrt_initialize          0000000140002630 f   MSVCRTD:ucrt_stubs.obj
 0001:00001640       _initialize_denormal_control 0000000140002640 f   MSVCRTD:denormal_control.obj
 0001:00001640       _initialize_invalid_parameter_handler 0000000140002640 f   MSVCRTD:invalid_parameter_handler.obj
 0001:00001650       __local_stdio_scanf_options 0000000140002650 f i MSVCRTD:default_local_stdio_options.obj
 0001:00001660       __scrt_initialize_default_local_stdio_options 0000000140002660 f   MSVCRTD:default_local_stdio_options.obj
 0001:000016b0       __scrt_is_user_matherr_present 00000001400026b0 f   MSVCRTD:matherr_detection.obj
 0001:000016e0       __scrt_get_dyn_tls_init_callback 00000001400026e0 f   MSVCRTD:dyn_tls_init.obj
 0001:000016f0       __scrt_get_dyn_tls_dtor_callback 00000001400026f0 f   MSVCRTD:dyn_tls_dtor.obj
 0001:00001700       __crt_debugger_hook        0000000140002700 f   MSVCRTD:utility_desktop.obj
 0001:00001710       __scrt_fastfail            0000000140002710 f   MSVCRTD:utility_desktop.obj
 0001:000018b0       __scrt_initialize_mta      00000001400028b0 f   MSVCRTD:utility_desktop.obj
 0001:000018c0       __scrt_is_managed_app      00000001400028c0 f   MSVCRTD:utility_desktop.obj
 0001:00001970       __scrt_set_unhandled_exception_filter 0000000140002970 f   MSVCRTD:utility_desktop.obj
 0001:00001990       __scrt_unhandled_exception_filter 0000000140002990 f   MSVCRTD:utility_desktop.obj
 0001:00001a10       _RTC_Initialize            0000000140002a10 f   MSVCRTD:initsect.obj
 0001:00001a60       _RTC_Terminate             0000000140002a60 f   MSVCRTD:initsect.obj
 0001:00001ab0       _guard_check_icall_nop     0000000140002ab0 f i MSVCRTD:guard_support.obj
 0001:00001ac0       __isa_available_init       0000000140002ac0 f   MSVCRTD:cpu_disp.obj
 0001:00001e30       __scrt_is_ucrt_dll_in_use  0000000140002e30 f   MSVCRTD:ucrt_detection.obj
 0001:00001e60       __GSHandlerCheck           0000000140002e60 f   MSVCRTD:gshandler.obj
 0001:00001ea0       __GSHandlerCheckCommon     0000000140002ea0 f   MSVCRTD:gshandler.obj
 0001:00001fb0       __security_check_cookie    0000000140002fb0 f   MSVCRTD:amdsecgs.obj
 0001:00001fe0       __raise_securityfailure    0000000140002fe0 f   MSVCRTD:gs_report.obj
 0001:00002020       __report_gsfailure         0000000140003020 f   MSVCRTD:gs_report.obj
 0001:000021b2       __C_specific_handler       00000001400031b2 f   vcruntimed:VCRUNTIME140D.dll
 0001:000021b8       _seh_filter_exe            00000001400031b8 f   ucrtd:ucrtbased.dll
 0001:000021be       _set_app_type              00000001400031be f   ucrtd:ucrtbased.dll
 0001:000021c4       __setusermatherr           00000001400031c4 f   ucrtd:ucrtbased.dll
 0001:000021ca       _configure_narrow_argv     00000001400031ca f   ucrtd:ucrtbased.dll
 0001:000021d0       _initialize_narrow_environment 00000001400031d0 f   ucrtd:ucrtbased.dll
 0001:000021d6       _get_initial_narrow_environment 00000001400031d6 f   ucrtd:ucrtbased.dll
 0001:000021dc       _initterm                  00000001400031dc f   ucrtd:ucrtbased.dll
 0001:000021e2       _initterm_e                00000001400031e2 f   ucrtd:ucrtbased.dll
 0001:000021e8       exit                       00000001400031e8 f   ucrtd:ucrtbased.dll
 0001:000021ee       _exit                      00000001400031ee f   ucrtd:ucrtbased.dll
 0001:000021f4       _set_fmode                 00000001400031f4 f   ucrtd:ucrtbased.dll
 0001:000021fa       __p___argc                 00000001400031fa f   ucrtd:ucrtbased.dll
 0001:00002200       __p___argv                 0000000140003200 f   ucrtd:ucrtbased.dll
 0001:00002206       _cexit                     0000000140003206 f   ucrtd:ucrtbased.dll
 0001:0000220c       _c_exit                    000000014000320c f   ucrtd:ucrtbased.dll
 0001:00002212       _register_thread_local_exe_atexit_callback 0000000140003212 f   ucrtd:ucrtbased.dll
 0001:00002218       _configthreadlocale        0000000140003218 f   ucrtd:ucrtbased.dll
 0001:0000221e       _set_new_mode              000000014000321e f   ucrtd:ucrtbased.dll
 0001:00002224       __p__commode               0000000140003224 f   ucrtd:ucrtbased.dll
 0001:0000222a       _initialize_onexit_table   000000014000322a f   ucrtd:ucrtbased.dll
 0001:00002230       _register_onexit_function  0000000140003230 f   ucrtd:ucrtbased.dll
 0001:00002236       _crt_atexit                0000000140003236 f   ucrtd:ucrtbased.dll
 0001:0000223c       terminate                  000000014000323c f   ucrtd:ucrtbased.dll
 0001:00002242       IsProcessorFeaturePresent  0000000140003242 f   kernel32:KERNEL32.dll
 0001:00002250       __acrt_uninitialize        0000000140003250 f   MSVCRTD:ucrt_stubs.obj
 0001:00002250       __vcrt_uninitialize        0000000140003250 f   MSVCRTD:ucrt_stubs.obj
 0001:00002250       __scrt_stub_for_acrt_uninitialize 0000000140003250 f   MSVCRTD:ucrt_stubs.obj
 0001:00002270       _guard_dispatch_icall_nop  0000000140003270 f   MSVCRTD:guard_dispatch.obj
 0002:00000000       __imp_GetCurrentDirectoryA 0000000140004000     kernel32:KERNEL32.dll
 0002:00000008       __imp_FindFirstFileA       0000000140004008     kernel32:KERNEL32.dll
 0002:00000010       __imp_FindNextFileA        0000000140004010     kernel32:KERNEL32.dll
 0002:00000018       __imp_GetFinalPathNameByHandleA 0000000140004018     kernel32:KERNEL32.dll
 0002:00000020       __imp_VirtualAlloc         0000000140004020     kernel32:KERNEL32.dll
 0002:00000028       __imp_VirtualFree          0000000140004028     kernel32:KERNEL32.dll
 0002:00000030       __imp_GetCurrentProcess    0000000140004030     kernel32:KERNEL32.dll
 0002:00000038       __imp_GetModuleHandleW     0000000140004038     kernel32:KERNEL32.dll
 0002:00000040       __imp_IsProcessorFeaturePresent 0000000140004040     kernel32:KERNEL32.dll
 0002:00000048       __imp_SetUnhandledExceptionFilter 0000000140004048     kernel32:KERNEL32.dll
 0002:00000050       __imp_UnhandledExceptionFilter 0000000140004050     kernel32:KERNEL32.dll
 0002:00000058       __imp_IsDebuggerPresent    0000000140004058     kernel32:KERNEL32.dll
 0002:00000060       __imp_RtlVirtualUnwind     0000000140004060     kernel32:KERNEL32.dll
 0002:00000068       __imp_RtlLookupFunctionEntry 0000000140004068     kernel32:KERNEL32.dll
 0002:00000070       __imp_RtlCaptureContext    0000000140004070     kernel32:KERNEL32.dll
 0002:00000078       __imp_InitializeSListHead  0000000140004078     kernel32:KERNEL32.dll
 0002:00000080       __imp_GetSystemTimeAsFileTime 0000000140004080     kernel32:KERNEL32.dll
 0002:00000088       __imp_GetCurrentThreadId   0000000140004088     kernel32:KERNEL32.dll
 0002:00000090       __imp_GetCurrentProcessId  0000000140004090     kernel32:KERNEL32.dll
 0002:00000098       __imp_QueryPerformanceCounter 0000000140004098     kernel32:KERNEL32.dll
 0002:000000a0       __imp_TerminateProcess     00000001400040a0     kernel32:KERNEL32.dll
 0002:000000a8       \177KERNEL32_NULL_THUNK_DATA 00000001400040a8     kernel32:KERNEL32.dll
 0002:000000b0       __imp___C_specific_handler 00000001400040b0     vcruntimed:VCRUNTIME140D.dll
 0002:000000b8       \177VCRUNTIME140D_NULL_THUNK_DATA 00000001400040b8     vcruntimed:VCRUNTIME140D.dll
 0002:000000c0       __imp___p___argv           00000001400040c0     ucrtd:ucrtbased.dll
 0002:000000c8       __imp__cexit               00000001400040c8     ucrtd:ucrtbased.dll
 0002:000000d0       __imp__initterm_e          00000001400040d0     ucrtd:ucrtbased.dll
 0002:000000d8       __imp__register_thread_local_exe_atexit_callback 00000001400040d8     ucrtd:ucrtbased.dll
 0002:000000e0       __imp__configthreadlocale  00000001400040e0     ucrtd:ucrtbased.dll
 0002:000000e8       __imp__set_new_mode        00000001400040e8     ucrtd:ucrtbased.dll
 0002:000000f0       __imp___p__commode         00000001400040f0     ucrtd:ucrtbased.dll
 0002:000000f8       __imp__initialize_onexit_table 00000001400040f8     ucrtd:ucrtbased.dll
 0002:00000100       __imp__register_onexit_function 0000000140004100     ucrtd:ucrtbased.dll
 0002:00000108       __imp__crt_atexit          0000000140004108     ucrtd:ucrtbased.dll
 0002:00000110       __imp__set_fmode           0000000140004110     ucrtd:ucrtbased.dll
 0002:00000118       __imp_terminate            0000000140004118     ucrtd:ucrtbased.dll
 0002:00000120       __imp__exit                0000000140004120     ucrtd:ucrtbased.dll
 0002:00000128       __imp__initterm            0000000140004128     ucrtd:ucrtbased.dll
 0002:00000130       __imp__get_initial_narrow_environment 0000000140004130     ucrtd:ucrtbased.dll
 0002:00000138       __imp__initialize_narrow_environment 0000000140004138     ucrtd:ucrtbased.dll
 0002:00000140       __imp__configure_narrow_argv 0000000140004140     ucrtd:ucrtbased.dll
 0002:00000148       __imp___setusermatherr     0000000140004148     ucrtd:ucrtbased.dll
 0002:00000150       __imp__set_app_type        0000000140004150     ucrtd:ucrtbased.dll
 0002:00000158       __imp__seh_filter_exe      0000000140004158     ucrtd:ucrtbased.dll
 0002:00000160       __imp___stdio_common_vsprintf 0000000140004160     ucrtd:ucrtbased.dll
 0002:00000168       __imp___stdio_common_vfprintf 0000000140004168     ucrtd:ucrtbased.dll
 0002:00000170       __imp___acrt_iob_func      0000000140004170     ucrtd:ucrtbased.dll
 0002:00000178       __imp_malloc               0000000140004178     ucrtd:ucrtbased.dll
 0002:00000180       __imp___p___argc           0000000140004180     ucrtd:ucrtbased.dll
 0002:00000188       __imp_exit                 0000000140004188     ucrtd:ucrtbased.dll
 0002:00000190       __imp__c_exit              0000000140004190     ucrtd:ucrtbased.dll
 0002:00000198       \177ucrtbased_NULL_THUNK_DATA 0000000140004198     ucrtd:ucrtbased.dll
 0002:000001a0       __guard_check_icall_fptr   00000001400041a0     MSVCRTD:guard_support.obj
 0002:000001a8       __guard_dispatch_icall_fptr 00000001400041a8     MSVCRTD:guard_support.obj
 0002:000001b0       __xc_a                     00000001400041b0     MSVCRTD:initializers.obj
 0002:000001c0       __xc_z                     00000001400041c0     MSVCRTD:initializers.obj
 0002:000001c8       __xi_a                     00000001400041c8     MSVCRTD:initializers.obj
 0002:000001e0       __xi_z                     00000001400041e0     MSVCRTD:initializers.obj
 0002:000001e8       __xp_a                     00000001400041e8     MSVCRTD:initializers.obj
 0002:000001f0       __xp_z                     00000001400041f0     MSVCRTD:initializers.obj
 0002:000001f8       __xt_a                     00000001400041f8     MSVCRTD:initializers.obj
 0002:00000200       __xt_z                     0000000140004200     MSVCRTD:initializers.obj
 0002:00000400       _load_config_used          0000000140004400     MSVCRTD:loadcfg.obj
 0002:000007a0       __rtc_iaa                  00000001400047a0     MSVCRTD:initsect.obj
 0002:000007a8       __rtc_izz                  00000001400047a8     MSVCRTD:initsect.obj
 0002:000007b0       __rtc_taa                  00000001400047b0     MSVCRTD:initsect.obj
 0002:000007b8       __rtc_tzz                  00000001400047b8     MSVCRTD:initsect.obj
 0002:00000944       __IMPORT_DESCRIPTOR_KERNEL32 0000000140004944     kernel32:KERNEL32.dll
 0002:00000958       __IMPORT_DESCRIPTOR_VCRUNTIME140D 0000000140004958     vcruntimed:VCRUNTIME140D.dll
 0002:0000096c       __IMPORT_DESCRIPTOR_ucrtbased 000000014000496c     ucrtd:ucrtbased.dll
 0002:00000980       __NULL_IMPORT_DESCRIPTOR   0000000140004980     kernel32:KERNEL32.dll
 0003:00000000       ?SECTION_PAGE@@3PEADEA     0000000140005000     main.obj
 0003:00000008       ?CSS_STRING@@3PEADEA       0000000140005008     main.obj
 0003:00000010       __scrt_native_dllmain_reason 0000000140005010     MSVCRTD:utility.obj
 0003:00000014       __scrt_default_matherr     0000000140005014     MSVCRTD:matherr.obj
 0003:00000018       __isa_available            0000000140005018     MSVCRTD:cpu_disp.obj
 0003:0000001c       __isa_enabled              000000014000501c     MSVCRTD:cpu_disp.obj
 0003:00000020       __memcpy_nt_iters          0000000140005020     MSVCRTD:cpu_disp.obj
 0003:00000028       __security_cookie_complement 0000000140005028     MSVCRTD:gs_cookie.obj
 0003:00000030       __security_cookie          0000000140005030     MSVCRTD:gs_cookie.obj
 0003:00000040       __scrt_ucrt_dll_is_in_use  0000000140005040     MSVCRTD:ucrt_stubs.obj
 0003:00000050       ?_OptionsStorage@?1??__local_stdio_printf_options@@9@4_KA 0000000140005050     main.obj
 0003:00000058       __scrt_current_native_startup_state 0000000140005058     MSVCRTD:utility.obj
 0003:00000060       __scrt_native_startup_lock 0000000140005060     MSVCRTD:utility.obj
 0003:000000a0       ?__type_info_root_node@@3U__type_info_node@@A 00000001400050a0     MSVCRTD:tncleanup.obj
 0003:000000b0       ?_OptionsStorage@?1??__local_stdio_scanf_options@@9@4_KA 00000001400050b0     MSVCRTD:default_local_stdio_options.obj
 0003:000000b8       __scrt_debugger_hook_flag  00000001400050b8     MSVCRTD:utility_desktop.obj
 0003:000000bc       __favor                    00000001400050bc     MSVCRTD:cpu_disp.obj
 0003:00000630       __dyn_tls_dtor_callback    0000000140005630     <common>
 0003:00000638       __dyn_tls_init_callback    0000000140005638     <common>

 entry point at        0001:00000ed0

 Static symbols

 0000:ffff8000       .debug$S                   0000000140000000     kernel32:KERNEL32.dll
 0000:ffff8000       .debug$S                   0000000140000000     kernel32:KERNEL32.dll
 0000:ffff8000       .debug$S                   0000000140000000     kernel32:KERNEL32.dll
 0000:ffff8000       .debug$S                   0000000140000000     kernel32:KERNEL32.dll
 0000:ffff8000       .debug$S                   0000000140000000     kernel32:KERNEL32.dll
 0000:ffff8000       .debug$S                   0000000140000000     kernel32:KERNEL32.dll
 0000:ffff8000       .debug$S                   0000000140000000     kernel32:KERNEL32.dll
 0000:ffff8000       .debug$S                   0000000140000000     kernel32:KERNEL32.dll
 0000:ffff8000       .debug$S                   0000000140000000     kernel32:KERNEL32.dll
 0000:ffff8000       .debug$S                   0000000140000000     kernel32:KERNEL32.dll
 0000:ffff8000       .debug$S                   0000000140000000     kernel32:KERNEL32.dll
 0000:ffff8000       .debug$S                   0000000140000000     kernel32:KERNEL32.dll
 0000:ffff8000       .debug$S                   0000000140000000     kernel32:KERNEL32.dll
 0000:ffff8000       .debug$S                   0000000140000000     kernel32:KERNEL32.dll
 0000:ffff8000       .debug$S                   0000000140000000     kernel32:KERNEL32.dll
 0000:ffff8000       .debug$S                   0000000140000000     kernel32:KERNEL32.dll
 0000:ffff8000       .debug$S                   0000000140000000     kernel32:KERNEL32.dll
 0000:ffff8000       .debug$S                   0000000140000000     ucrtd:ucrtbased.dll
 0000:ffff8000       .debug$S                   0000000140000000     ucrtd:ucrtbased.dll
 0000:ffff8000       .debug$S                   0000000140000000     ucrtd:ucrtbased.dll
 0000:ffff8000       .debug$S                   0000000140000000     ucrtd:ucrtbased.dll
 0000:ffff8000       .debug$S                   0000000140000000     ucrtd:ucrtbased.dll
 0000:ffff8000       .debug$S                   0000000140000000     ucrtd:ucrtbased.dll
 0000:ffff8000       .debug$S                   0000000140000000     ucrtd:ucrtbased.dll
 0000:ffff8000       .debug$S                   0000000140000000     ucrtd:ucrtbased.dll
 0000:ffff8000       .debug$S                   0000000140000000     ucrtd:ucrtbased.dll
 0000:ffff8000       .debug$S                   0000000140000000     ucrtd:ucrtbased.dll
 0000:ffff8000       .debug$S                   0000000140000000     ucrtd:ucrtbased.dll
 0000:ffff8000       .debug$S                   0000000140000000     ucrtd:ucrtbased.dll
 0000:ffff8000       .debug$S                   0000000140000000     ucrtd:ucrtbased.dll
 0000:ffff8000       .debug$S                   0000000140000000     ucrtd:ucrtbased.dll
 0000:ffff8000       .debug$S                   0000000140000000     ucrtd:ucrtbased.dll
 0000:ffff8000       .debug$S                   0000000140000000     ucrtd:ucrtbased.dll
 0000:ffff8000       .debug$S                   0000000140000000     ucrtd:ucrtbased.dll
 0000:ffff8000       .debug$S                   0000000140000000     ucrtd:ucrtbased.dll
 0000:ffff8000       .debug$S                   0000000140000000     ucrtd:ucrtbased.dll
 0000:ffff8000       .debug$S                   0000000140000000     ucrtd:ucrtbased.dll
 0000:ffff8000       .debug$S                   0000000140000000     ucrtd:ucrtbased.dll
 0000:ffff8000       .debug$S                   0000000140000000     ucrtd:ucrtbased.dll
 0000:ffff8000       .debug$S                   0000000140000000     ucrtd:ucrtbased.dll
 0000:ffff8000       .debug$S                   0000000140000000     ucrtd:ucrtbased.dll
 0000:ffff8000       .debug$S                   0000000140000000     ucrtd:ucrtbased.dll
 0000:ffff8000       .debug$S                   0000000140000000     ucrtd:ucrtbased.dll
 0000:ffff8000       .debug$S                   0000000140000000     ucrtd:ucrtbased.dll
 0000:ffff8000       .debug$S                   0000000140000000     ucrtd:ucrtbased.dll
 0000:ffff8000       .debug$S                   0000000140000000     ucrtd:ucrtbased.dll
 0000:ffff8000       .debug$S                   0000000140000000     ucrtd:ucrtbased.dll
 0000:ffff8000       .debug$S                   0000000140000000     kernel32:KERNEL32.dll
 0000:ffff8000       .debug$S                   0000000140000000     vcruntimed:VCRUNTIME140D.dll
 0000:ffff8000       .debug$S                   0000000140000000     vcruntimed:VCRUNTIME140D.dll
 0000:ffff8000       .debug$S                   0000000140000000     kernel32:KERNEL32.dll
 0000:ffff8000       .debug$S                   0000000140000000     kernel32:KERNEL32.dll
 0000:ffff8000       .debug$S                   0000000140000000     kernel32:KERNEL32.dll
 0000:ffff8000       .debug$S                   0000000140000000     kernel32:KERNEL32.dll
 0001:00000000       ?Allocate@@YAPEAX_J@Z      0000000140001000 f   main.obj
 0001:00000030       ?ReAllocate@@YAPEAXPEAX_J1@Z 0000000140001030 f   main.obj
 0001:000000b0       ?Free@@YAXPEAX@Z           00000001400010b0 f   main.obj
 0001:000000f0       ?MemoryCopy@@YAXPEAX0_J@Z  00000001400010f0 f   main.obj
 0001:00000670       ?Length@CStr@@YAHPEBD@Z    0000000140001670 f   main.obj
 0001:000006c0       ?ToLower@CStr@@YAXPEAD@Z   00000001400016c0 f   main.obj
 0001:00000720       ?ToUpper@CStr@@YAXPEAD@Z   0000000140001720 f   main.obj
 0001:00000b50       ?pre_c_initialization@@YAHXZ 0000000140001b50 f   MSVCRTD:exe_main.obj
 0001:00000c10       ?post_pgo_initialization@@YAHXZ 0000000140001c10 f   MSVCRTD:exe_main.obj
 0001:00000c20       ?pre_cpp_initialization@@YAXXZ 0000000140001c20 f   MSVCRTD:exe_main.obj
 0001:00000c40       ?__scrt_common_main@@YAHXZ 0000000140001c40 f   MSVCRTD:exe_main.obj
 0001:00000c60       ?__scrt_common_main_seh@@YAHXZ 0000000140001c60 f   MSVCRTD:exe_main.obj
 0001:00000e30       ?invoke_main@@YAHXZ        0000000140001e30 f   MSVCRTD:exe_main.obj
 0001:00000f80       ?find_pe_section@@YAPEAU_IMAGE_SECTION_HEADER@@QEAE_K@Z 0000000140001f80 f   MSVCRTD:utility.obj
 0001:00001050       ?is_potentially_valid_image_base@@YA_NQEAX@Z 0000000140002050 f   MSVCRTD:utility.obj
 0001:00001490       __get_entropy              0000000140002490 f   MSVCRTD:gs_support.obj
 0001:00001fa0       $$000000                   0000000140002fa0     MSVCRTD:amdsecgs.obj
 0001:00002100       capture_previous_context   0000000140003100 f   MSVCRTD:gs_report.obj
 0001:00002260       $$000000                   0000000140003260     MSVCRTD:guard_dispatch.obj
 0001:00002280       ?filt$0@?0??__scrt_common_main_seh@@YAHXZ@4HA 0000000140003280 f   MSVCRTD:exe_main.obj
 0001:000022b0       __scrt_is_nonwritable_in_current_image$filt$0 00000001400032b0 f   MSVCRTD:utility.obj
 0002:000001b8       ?pre_cpp_initializer@@3P6AXXZEA 00000001400041b8     MSVCRTD:exe_main.obj
 0002:000001d0       ?pre_c_initializer@@3P6AHXZEA 00000001400041d0     MSVCRTD:exe_main.obj
 0002:000001d8       ?post_pgo_initializer@@3P6AHXZEA 00000001400041d8     MSVCRTD:exe_main.obj
 0002:00000210       $SG92360                   0000000140004210     main.obj
 0002:0000021d       $SG92603                   000000014000421d     main.obj
 0002:00000220       $SG92361                   0000000140004220     main.obj
 0002:0000022c       $SG92611                   000000014000422c     main.obj
 0002:00000230       $SG92362                   0000000140004230     main.obj
 0002:00000240       $SG92363                   0000000140004240     main.obj
 0002:00000254       $SG92614                   0000000140004254     main.obj
 0002:00000258       $SG92364                   0000000140004258     main.obj
 0002:00000270       $SG92583                   0000000140004270     main.obj
 0002:00000308       $SG92585                   0000000140004308     main.obj
 0002:00000320       $SG92604                   0000000140004320     main.obj
 0002:00000330       $SG92605                   0000000140004330     main.obj
 0002:00000340       $SG92606                   0000000140004340     main.obj
 0002:00000364       $SG92615                   0000000140004364     main.obj
 0002:00000368       $SG92609                   0000000140004368     main.obj
 0002:00000370       $SG92610                   0000000140004370     main.obj
 0002:00000380       $SG92612                   0000000140004380     main.obj
 0002:00000390       GS_ExceptionPointers       0000000140004390     MSVCRTD:gs_report.obj
 0002:000007c0       $unwind$printf             00000001400047c0     main.obj
 0002:000007c0       $unwind$_vfprintf_l        00000001400047c0     main.obj
 0002:000007c0       $unwind$snprintf           00000001400047c0     main.obj
 0002:000007c8       $unwind$vsnprintf          00000001400047c8     main.obj
 0002:000007d0       $unwind$?Allocate@@YAPEAX_J@Z 00000001400047d0     main.obj
 0002:000007d8       $unwind$?ReAllocate@@YAPEAXPEAX_J1@Z 00000001400047d8     main.obj
 0002:000007e0       $unwind$?Free@@YAXPEAX@Z   00000001400047e0     main.obj
 0002:000007e8       $unwind$?MemoryCopy@@YAXPEAX0_J@Z 00000001400047e8     main.obj
 0002:000007f0       $unwind$?Init@string_builder@@QEAAX_J@Z 00000001400047f0     main.obj
 0002:000007f8       $unwind$?AppendStr@string_builder@@QEAAXUstring@@@Z 00000001400047f8     main.obj
 0002:00000800       $unwind$?AppendCharacter@string_builder@@QEAAXE@Z 0000000140004800     main.obj
 0002:00000808       $unwind$?AppendCStr@string_builder@@QEAAXPEBD@Z 0000000140004808     main.obj
 0002:00000810       $unwind$?ToLower@string_builder@@QEAAXXZ 0000000140004810     main.obj
 0002:00000818       $unwind$?ToUpper@string_builder@@QEAAXXZ 0000000140004818     main.obj
 0002:00000820       $unwind$?NullTerminate@string_builder@@QEAAXXZ 0000000140004820     main.obj
 0002:00000828       $unwind$?Length@CStr@@YAHPEBD@Z 0000000140004828     main.obj
 0002:00000830       $unwind$?ToLower@CStr@@YAXPEAD@Z 0000000140004830     main.obj
 0002:00000838       $unwind$?ToUpper@CStr@@YAXPEAD@Z 0000000140004838     main.obj
 0002:00000840       $unwind$main               0000000140004840     main.obj
 0002:0000084c       $unwind$?initialize_environment@__scrt_narrow_environment_policy@@SAHXZ 000000014000484c     MSVCRTD:exe_main.obj
 0002:0000084c       $unwind$?__scrt_common_main@@YAHXZ 000000014000484c     MSVCRTD:exe_main.obj
 0002:0000084c       $unwind$?post_pgo_initialization@@YAHXZ 000000014000484c     MSVCRTD:exe_main.obj
 0002:0000084c       $unwind$?__scrt_initialize_type_info@@YAXXZ 000000014000484c     MSVCRTD:tncleanup.obj
 0002:0000084c       $unwind$?set_app_type@__scrt_main_policy@@SAXXZ 000000014000484c     MSVCRTD:exe_main.obj
 0002:0000084c       $unwind$mainCRTStartup     000000014000484c     MSVCRTD:exe_main.obj
 0002:0000084c       $unwind$?configure_argv@__scrt_narrow_argv_policy@@SAHXZ 000000014000484c     MSVCRTD:exe_main.obj
 0002:0000084c       $unwind$?set_fmode@__scrt_file_policy@@SAXXZ 000000014000484c     MSVCRTD:exe_main.obj
 0002:0000084c       $unwind$__scrt_initialize_mta 000000014000484c     MSVCRTD:utility_desktop.obj
 0002:0000084c       $unwind$?pre_cpp_initialization@@YAXXZ 000000014000484c     MSVCRTD:exe_main.obj
 0002:0000084c       $unwind$__scrt_set_unhandled_exception_filter 000000014000484c     MSVCRTD:utility_desktop.obj
 0002:0000084c       $unwind$?pre_c_initialization@@YAHXZ 000000014000484c     MSVCRTD:exe_main.obj
 0002:00000854       $unwind$?set_commode@__scrt_file_policy@@SAXXZ 0000000140004854     MSVCRTD:exe_main.obj
 0002:00000854       $unwind$?invoke_main@@YAHXZ 0000000140004854     MSVCRTD:exe_main.obj
 0002:00000854       $unwind$__scrt_is_managed_app 0000000140004854     MSVCRTD:utility_desktop.obj
 0002:00000854       $unwind$__security_init_cookie 0000000140004854     MSVCRTD:gs_support.obj
 0002:00000854       $unwind$__scrt_initialize_default_local_stdio_options 0000000140004854     MSVCRTD:default_local_stdio_options.obj
 0002:0000085c       $unwind$?__scrt_common_main_seh@@YAHXZ 000000014000485c     MSVCRTD:exe_main.obj
 0002:0000087c       $unwind$?filt$0@?0??__scrt_common_main_seh@@YAHXZ@4HA 000000014000487c     MSVCRTD:exe_main.obj
 0002:0000087c       $unwind$__scrt_is_nonwritable_in_current_image$filt$0 000000014000487c     MSVCRTD:utility.obj
 0002:00000884       $unwind$atexit             0000000140004884     MSVCRTD:utility.obj
 0002:00000884       $unwind$__scrt_unhandled_exception_filter 0000000140004884     MSVCRTD:utility_desktop.obj
 0002:00000884       $unwind$__report_gsfailure 0000000140004884     MSVCRTD:gs_report.obj
 0002:0000088c       $unwind$_onexit            000000014000488c     MSVCRTD:utility.obj
 0002:00000894       $unwind$__scrt_is_nonwritable_in_current_image 0000000140004894     MSVCRTD:utility.obj
 0002:000008b4       $unwind$__scrt_acquire_startup_lock 00000001400048b4     MSVCRTD:utility.obj
 0002:000008bc       $unwind$__scrt_release_startup_lock 00000001400048bc     MSVCRTD:utility.obj
 0002:000008bc       $unwind$__scrt_initialize_crt 00000001400048bc     MSVCRTD:utility.obj
 0002:000008c4       $unwind$__scrt_uninitialize_crt 00000001400048c4     MSVCRTD:utility.obj
 0002:000008cc       $unwind$__scrt_initialize_onexit_tables 00000001400048cc     MSVCRTD:utility.obj
 0002:000008d8       $unwind$?is_potentially_valid_image_base@@YA_NQEAX@Z 00000001400048d8     MSVCRTD:utility.obj
 0002:000008d8       $unwind$??$__crt_fast_decode_pointer@PEAP6AXXZ@@YAPEAP6AXXZQEAP6AXXZ@Z 00000001400048d8     MSVCRTD:utility.obj
 0002:000008d8       $unwind$__raise_securityfailure 00000001400048d8     MSVCRTD:gs_report.obj
 0002:000008d8       $unwind$??$__crt_fast_encode_pointer@PEAP6AXXZ@@YAPEAP6AXXZQEAP6AXXZ@Z 00000001400048d8     MSVCRTD:utility.obj
 0002:000008e0       $unwind$?find_pe_section@@YAPEAU_IMAGE_SECTION_HEADER@@QEAE_K@Z 00000001400048e0     MSVCRTD:utility.obj
 0002:000008e8       $unwind$__get_entropy      00000001400048e8     MSVCRTD:gs_support.obj
 0002:000008f0       $unwind$__scrt_is_ucrt_dll_in_use 00000001400048f0     MSVCRTD:ucrt_detection.obj
 0002:000008f0       $unwind$__scrt_is_user_matherr_present 00000001400048f0     MSVCRTD:matherr_detection.obj
 0002:000008f8       $unwind$__scrt_fastfail    00000001400048f8     MSVCRTD:utility_desktop.obj
 0002:00000904       $unwind$_RTC_Initialize    0000000140004904     MSVCRTD:initsect.obj
 0002:00000904       $unwind$_RTC_Terminate     0000000140004904     MSVCRTD:initsect.obj
 0002:00000910       $unwind$__isa_available_init 0000000140004910     MSVCRTD:cpu_disp.obj
 0002:00000920       $xdatasym                  0000000140004920     MSVCRTD:guard_dispatch.obj
 0002:00000924       $unwind$__GSHandlerCheckCommon 0000000140004924     MSVCRTD:gshandler.obj
 0002:0000092c       $unwind$__GSHandlerCheck   000000014000492c     MSVCRTD:gshandler.obj
 0002:00000938       $xdatasym                  0000000140004938     MSVCRTD:amdsecgs.obj
 0002:0000093c       $unwind$capture_previous_context 000000014000493c     MSVCRTD:gs_report.obj
 0002:00000bac       .idata$6                   0000000140004bac     kernel32:KERNEL32.dll
 0002:00000bd2       .idata$6                   0000000140004bd2     vcruntimed:VCRUNTIME140D.dll
 0002:00000de6       .idata$6                   0000000140004de6     ucrtd:ucrtbased.dll
 0003:00000068       ?is_initialized_as_dll@@3_NA 0000000140005068     MSVCRTD:utility.obj
 0003:00000069       ?module_local_atexit_table_initialized@@3_NA 0000000140005069     MSVCRTD:utility.obj
 0003:00000070       ?module_local_atexit_table@@3U_onexit_table_t@@A 0000000140005070     MSVCRTD:utility.obj
 0003:00000088       ?module_local_at_quick_exit_table@@3U_onexit_table_t@@A 0000000140005088     MSVCRTD:utility.obj
 0003:000000c0       GS_ExceptionRecord         00000001400050c0     MSVCRTD:gs_report.obj
 0003:00000160       GS_ContextRecord           0000000140005160     MSVCRTD:gs_report.obj
 0004:00000000       $pdata$_vfprintf_l         0000000140006000     main.obj
 0004:0000000c       $pdata$printf              000000014000600c     main.obj
 0004:00000018       $pdata$vsnprintf           0000000140006018     main.obj
 0004:00000024       $pdata$snprintf            0000000140006024     main.obj
 0004:00000030       $pdata$?Allocate@@YAPEAX_J@Z 0000000140006030     main.obj
 0004:0000003c       $pdata$?ReAllocate@@YAPEAXPEAX_J1@Z 000000014000603c     main.obj
 0004:00000048       $pdata$?Free@@YAXPEAX@Z    0000000140006048     main.obj
 0004:00000054       $pdata$?MemoryCopy@@YAXPEAX0_J@Z 0000000140006054     main.obj
 0004:00000060       $pdata$?Init@string_builder@@QEAAX_J@Z 0000000140006060     main.obj
 0004:0000006c       $pdata$?AppendStr@string_builder@@QEAAXUstring@@@Z 000000014000606c     main.obj
 0004:00000078       $pdata$?AppendCharacter@string_builder@@QEAAXE@Z 0000000140006078     main.obj
 0004:00000084       $pdata$?AppendCStr@string_builder@@QEAAXPEBD@Z 0000000140006084     main.obj
 0004:00000090       $pdata$?ToLower@string_builder@@QEAAXXZ 0000000140006090     main.obj
 0004:0000009c       $pdata$?ToUpper@string_builder@@QEAAXXZ 000000014000609c     main.obj
 0004:000000a8       $pdata$?NullTerminate@string_builder@@QEAAXXZ 00000001400060a8     main.obj
 0004:000000b4       $pdata$?Length@CStr@@YAHPEBD@Z 00000001400060b4     main.obj
 0004:000000c0       $pdata$?ToLower@CStr@@YAXPEAD@Z 00000001400060c0     main.obj
 0004:000000cc       $pdata$?ToUpper@CStr@@YAXPEAD@Z 00000001400060cc     main.obj
 0004:000000d8       $pdata$main                00000001400060d8     main.obj
 0004:000000e4       $pdata$?configure_argv@__scrt_narrow_argv_policy@@SAHXZ 00000001400060e4     MSVCRTD:exe_main.obj
 0004:000000f0       $pdata$?initialize_environment@__scrt_narrow_environment_policy@@SAHXZ 00000001400060f0     MSVCRTD:exe_main.obj
 0004:000000fc       $pdata$?set_app_type@__scrt_main_policy@@SAXXZ 00000001400060fc     MSVCRTD:exe_main.obj
 0004:00000108       $pdata$?set_fmode@__scrt_file_policy@@SAXXZ 0000000140006108     MSVCRTD:exe_main.obj
 0004:00000114       $pdata$?set_commode@__scrt_file_policy@@SAXXZ 0000000140006114     MSVCRTD:exe_main.obj
 0004:00000120       $pdata$?invoke_main@@YAHXZ 0000000140006120     MSVCRTD:exe_main.obj
 0004:0000012c       $pdata$?pre_c_initialization@@YAHXZ 000000014000612c     MSVCRTD:exe_main.obj
 0004:00000138       $pdata$?post_pgo_initialization@@YAHXZ 0000000140006138     MSVCRTD:exe_main.obj
 0004:00000144       $pdata$?pre_cpp_initialization@@YAXXZ 0000000140006144     MSVCRTD:exe_main.obj
 0004:00000150       $pdata$?__scrt_common_main_seh@@YAHXZ 0000000140006150     MSVCRTD:exe_main.obj
 0004:0000015c       $pdata$?filt$0@?0??__scrt_common_main_seh@@YAHXZ@4HA 000000014000615c     MSVCRTD:exe_main.obj
 0004:00000168       $pdata$?__scrt_common_main@@YAHXZ 0000000140006168     MSVCRTD:exe_main.obj
 0004:00000174       $pdata$mainCRTStartup      0000000140006174     MSVCRTD:exe_main.obj
 0004:00000180       $pdata$atexit              0000000140006180     MSVCRTD:utility.obj
 0004:0000018c       $pdata$_onexit             000000014000618c     MSVCRTD:utility.obj
 0004:00000198       $pdata$__scrt_is_nonwritable_in_current_image 0000000140006198     MSVCRTD:utility.obj
 0004:000001a4       $pdata$__scrt_is_nonwritable_in_current_image$filt$0 00000001400061a4     MSVCRTD:utility.obj
 0004:000001b0       $pdata$__scrt_acquire_startup_lock 00000001400061b0     MSVCRTD:utility.obj
 0004:000001bc       $pdata$__scrt_release_startup_lock 00000001400061bc     MSVCRTD:utility.obj
 0004:000001c8       $pdata$__scrt_initialize_crt 00000001400061c8     MSVCRTD:utility.obj
 0004:000001d4       $pdata$__scrt_uninitialize_crt 00000001400061d4     MSVCRTD:utility.obj
 0004:000001e0       $pdata$__scrt_initialize_onexit_tables 00000001400061e0     MSVCRTD:utility.obj
 0004:000001ec       $pdata$?is_potentially_valid_image_base@@YA_NQEAX@Z 00000001400061ec     MSVCRTD:utility.obj
 0004:000001f8       $pdata$?find_pe_section@@YAPEAU_IMAGE_SECTION_HEADER@@QEAE_K@Z 00000001400061f8     MSVCRTD:utility.obj
 0004:00000204       $pdata$??$__crt_fast_decode_pointer@PEAP6AXXZ@@YAPEAP6AXXZQEAP6AXXZ@Z 0000000140006204     MSVCRTD:utility.obj
 0004:00000210       $pdata$??$__crt_fast_encode_pointer@PEAP6AXXZ@@YAPEAP6AXXZQEAP6AXXZ@Z 0000000140006210     MSVCRTD:utility.obj
 0004:0000021c       $pdata$__security_init_cookie 000000014000621c     MSVCRTD:gs_support.obj
 0004:00000228       $pdata$__get_entropy       0000000140006228     MSVCRTD:gs_support.obj
 0004:00000234       $pdata$?__scrt_initialize_type_info@@YAXXZ 0000000140006234     MSVCRTD:tncleanup.obj
 0004:00000240       $pdata$__scrt_initialize_default_local_stdio_options 0000000140006240     MSVCRTD:default_local_stdio_options.obj
 0004:0000024c       $pdata$__scrt_is_user_matherr_present 000000014000624c     MSVCRTD:matherr_detection.obj
 0004:00000258       $pdata$__scrt_is_managed_app 0000000140006258     MSVCRTD:utility_desktop.obj
 0004:00000264       $pdata$__scrt_initialize_mta 0000000140006264     MSVCRTD:utility_desktop.obj
 0004:00000270       $pdata$__scrt_set_unhandled_exception_filter 0000000140006270     MSVCRTD:utility_desktop.obj
 0004:0000027c       $pdata$__scrt_fastfail     000000014000627c     MSVCRTD:utility_desktop.obj
 0004:00000288       $pdata$__scrt_unhandled_exception_filter 0000000140006288     MSVCRTD:utility_desktop.obj
 0004:00000294       $pdata$_RTC_Initialize     0000000140006294     MSVCRTD:initsect.obj
 0004:000002a0       $pdata$_RTC_Terminate      00000001400062a0     MSVCRTD:initsect.obj
 0004:000002ac       $pdata$__isa_available_init 00000001400062ac     MSVCRTD:cpu_disp.obj
 0004:000002b8       $pdata$__scrt_is_ucrt_dll_in_use 00000001400062b8     MSVCRTD:ucrt_detection.obj
 0004:000002d0       $pdata$__GSHandlerCheckCommon 00000001400062d0     MSVCRTD:gshandler.obj
 0004:000002dc       $pdata$__GSHandlerCheck    00000001400062dc     MSVCRTD:gshandler.obj
 0004:000002f4       $pdata$__report_gsfailure  00000001400062f4     MSVCRTD:gs_report.obj
 0004:00000300       $pdata$capture_previous_context 0000000140006300     MSVCRTD:gs_report.obj
 0004:0000030c       $pdata$__raise_securityfailure 000000014000630c     MSVCRTD:gs_report.obj
