 webgen

 Timestamp is 5eb23ad2 (Wed May  6 05:19:30 2020)

 Preferred load address is 0000000140000000

 Start         Length     Name                   Class
 0001:00000000 000116b0H .text$mn                CODE
 0001:000116b0 00000020H .text$mn$00             CODE
 0001:000116d0 00000210H .text$x                 CODE
 0002:00000000 00000258H .idata$5                DATA
 0002:00000258 00000010H .00cfg                  DATA
 0002:00000268 00000008H .CRT$XCA                DATA
 0002:00000270 00000008H .CRT$XCAA               DATA
 0002:00000278 00000008H .CRT$XCZ                DATA
 0002:00000280 00000008H .CRT$XIA                DATA
 0002:00000288 00000008H .CRT$XIAA               DATA
 0002:00000290 00000008H .CRT$XIAC               DATA
 0002:00000298 00000018H .CRT$XIC                DATA
 0002:000002b0 00000008H .CRT$XIZ                DATA
 0002:000002b8 00000008H .CRT$XPA                DATA
 0002:000002c0 00000010H .CRT$XPX                DATA
 0002:000002d0 00000008H .CRT$XPXA               DATA
 0002:000002d8 00000008H .CRT$XPZ                DATA
 0002:000002e0 00000008H .CRT$XTA                DATA
 0002:000002e8 00000008H .CRT$XTZ                DATA
 0002:000002f0 00000000H .gfids$y                DATA
 0002:000002f0 00007df0H .rdata                  DATA
 0002:000080e0 00000000H .rdata$r                DATA
 0002:000080e0 000002e8H .rdata$zzzdbg           DATA
 0002:000083c8 00000008H .rtc$IAA                DATA
 0002:000083d0 00000008H .rtc$IZZ                DATA
 0002:000083d8 00000008H .rtc$TAA                DATA
 0002:000083e0 00000008H .rtc$TZZ                DATA
 0002:000083e8 00000de0H .xdata                  DATA
 0002:000091c8 00000000H .xdata$x                DATA
 0002:000091c8 00000000H .edata                  DATA
 0002:000091c8 00000014H .idata$2                DATA
 0002:000091dc 00000014H .idata$3                DATA
 0002:000091f0 00000258H .idata$4                DATA
 0002:00009448 00000570H .idata$6                DATA
 0003:00000000 00000a40H .data                   DATA
 0003:00000a40 00000000H .data$r                 DATA
 0003:00000a40 000011d8H .bss                    DATA
 0004:00000000 000010d4H .pdata                  DATA

  Address         Publics by Value              Rva+Base               Lib:Object

 0000:00000000       __hybrid_code_map_count    0000000000000000     <absolute>
 0000:00000000       __hybrid_code_map          0000000000000000     <absolute>
 0000:00000000       __guard_iat_count          0000000000000000     <absolute>
 0000:00000000       __volatile_metadata        0000000000000000     <absolute>
 0000:00000000       __guard_longjmp_count      0000000000000000     <absolute>
 0000:00000000       __guard_longjmp_table      0000000000000000     <absolute>
 0000:00000000       __guard_iat_table          0000000000000000     <absolute>
 0000:00000000       __guard_fids_count         0000000000000000     <absolute>
 0000:00000000       ___safe_se_handler_count   0000000000000000     <absolute>
 0000:00000000       __enclave_config           0000000000000000     <absolute>
 0000:00000000       ___safe_se_handler_table   0000000000000000     <absolute>
 0000:00000000       __dynamic_value_reloc_table 0000000000000000     <absolute>
 0000:00000000       __guard_fids_table         0000000000000000     <absolute>
 0000:00000000       __hybrid_auxiliary_iat     0000000000000000     <absolute>
 0000:00000100       __guard_flags              0000000000000100     <absolute>
 0000:00000000       __ImageBase                0000000140000000     <linker-defined>
 0001:00000140       main                       0000000140001140 f   webgen.obj
 0001:00000430       ?Add@string_list@@QEAAHPEAD@Z 0000000140001430 f i webgen.obj
 0001:000004f0       ?Add@string_list@@QEAAHUascii_string@@@Z 00000001400014f0 f i webgen.obj
 0001:00000630       ?Delete@string_list@@QEAAXXZ 0000000140001630 f i webgen.obj
 0001:00000670       ?Error@string_list@@QEAAXPEAD@Z 0000000140001670 f i webgen.obj
 0001:000006a0       ?Init@string_list@@QEAAHH@Z 00000001400016a0 f i webgen.obj
 0001:00000710       ?Init@string_list@@QEAAHXZ 0000000140001710 f i webgen.obj
 0001:00000730       ?Print@string_list@@QEAAXXZ 0000000140001730 f i webgen.obj
 0001:000007b0       ?Reduce@string_list@@QEAAHXZ 00000001400017b0 f i webgen.obj
 0001:00000850       ?Remove@string_list@@QEAAHH@Z 0000000140001850 f i webgen.obj
 0001:00000910       __local_stdio_printf_options 0000000140001910 f i webgen.obj
 0001:00000920       _vfprintf_l                0000000140001920 f i webgen.obj
 0001:00000970       printf                     0000000140001970 f i webgen.obj
 0001:00000c28       mainCRTStartup             0000000140001c28 f   LIBCMT:exe_main.obj
 0001:00000c3c       __scrt_acquire_startup_lock 0000000140001c3c f   LIBCMT:utility.obj
 0001:00000c78       __scrt_initialize_crt      0000000140001c78 f   LIBCMT:utility.obj
 0001:00000cc4       __scrt_initialize_onexit_tables 0000000140001cc4 f   LIBCMT:utility.obj
 0001:00000d9c       __scrt_is_nonwritable_in_current_image 0000000140001d9c f   LIBCMT:utility.obj
 0001:00000e38       __scrt_release_startup_lock 0000000140001e38 f   LIBCMT:utility.obj
 0001:00000e5c       __scrt_uninitialize_crt    0000000140001e5c f   LIBCMT:utility.obj
 0001:00000e88       _onexit                    0000000140001e88 f   LIBCMT:utility.obj
 0001:00000ed8       atexit                     0000000140001ed8 f   LIBCMT:utility.obj
 0001:00000ef0       __security_init_cookie     0000000140001ef0 f   LIBCMT:gs_support.obj
 0001:00000f9c       __scrt_exe_initialize_mta  0000000140001f9c f   LIBCMT:utility_desktop.obj
 0001:00000f9c       __scrt_stub_for_initialize_mta 0000000140001f9c f   LIBCMT:utility_desktop.obj
 0001:00000f9c       _get_startup_thread_locale_mode 0000000140001f9c f   LIBCMT:thread_locale.obj
 0001:00000f9c       _get_startup_commit_mode   0000000140001f9c f   LIBCMT:commit_mode.obj
 0001:00000f9c       __scrt_initialize_winrt    0000000140001f9c f   LIBCMT:utility_desktop.obj
 0001:00000f9c       _matherr                   0000000140001f9c f   LIBCMT:matherr.obj
 0001:00000f9c       _get_startup_new_mode      0000000140001f9c f   LIBCMT:new_mode.obj
 0001:00000fa0       _get_startup_argv_mode     0000000140001fa0 f   LIBCMT:argv_mode.obj
 0001:00000fa8       _get_startup_file_mode     0000000140001fa8 f   LIBCMT:file_mode.obj
 0001:00000fb0       ?__scrt_initialize_type_info@@YAXXZ 0000000140001fb0 f   LIBCMT:tncleanup.obj
 0001:00000fc0       __acrt_uninitialize_command_line 0000000140001fc0 f   libucrt:argv_data.obj
 0001:00000fc0       _should_initialize_environment 0000000140001fc0 f   LIBCMT:env_mode.obj
 0001:00000fc4       _guard_check_icall_nop     0000000140001fc4 f   LIBCMT:guard_support.obj
 0001:00000fc4       _initialize_invalid_parameter_handler 0000000140001fc4 f   LIBCMT:invalid_parameter_handler.obj
 0001:00000fc4       _initialize_denormal_control 0000000140001fc4 f   LIBCMT:denormal_control.obj
 0001:00000fc8       __local_stdio_scanf_options 0000000140001fc8 f i LIBCMT:default_local_stdio_options.obj
 0001:00000fd0       __scrt_initialize_default_local_stdio_options 0000000140001fd0 f   LIBCMT:default_local_stdio_options.obj
 0001:00000fec       __scrt_is_user_matherr_present 0000000140001fec f   LIBCMT:matherr_detection.obj
 0001:00000ff8       __scrt_get_dyn_tls_init_callback 0000000140001ff8 f   LIBCMT:dyn_tls_init.obj
 0001:00001000       __scrt_get_dyn_tls_dtor_callback 0000000140002000 f   LIBCMT:dyn_tls_dtor.obj
 0001:00001008       __crt_debugger_hook        0000000140002008 f   LIBCMT:utility_desktop.obj
 0001:00001010       __scrt_fastfail            0000000140002010 f   LIBCMT:utility_desktop.obj
 0001:0000115c       __scrt_initialize_mta      000000014000215c f   LIBCMT:utility_desktop.obj
 0001:00001164       __scrt_is_managed_app      0000000140002164 f   LIBCMT:utility_desktop.obj
 0001:000011b8       __scrt_set_unhandled_exception_filter 00000001400021b8 f   LIBCMT:utility_desktop.obj
 0001:000011c8       __scrt_unhandled_exception_filter 00000001400021c8 f   LIBCMT:utility_desktop.obj
 0001:00001200       _RTC_Initialize            0000000140002200 f   LIBCMT:initsect.obj
 0001:0000123c       _RTC_Terminate             000000014000223c f   LIBCMT:initsect.obj
 0001:00001278       __isa_available_init       0000000140002278 f   LIBCMT:cpu_disp.obj
 0001:00001434       __scrt_is_ucrt_dll_in_use  0000000140002434 f   LIBCMT:ucrt_detection.obj
 0001:00001440       IsProcessorFeaturePresent  0000000140002440 f   kernel32:KERNEL32.dll
 0001:00001448       __C_specific_handler       0000000140002448 f   libvcruntime:riscchandler.obj
 0001:00001654       __vcrt_initialize          0000000140002654 f   libvcruntime:initialization.obj
 0001:00001688       __vcrt_uninitialize        0000000140002688 f   libvcruntime:initialization.obj
 0001:000016c0       memset_repmovs             00000001400026c0 f   libvcruntime:memset.obj
 0001:000016e0       memset                     00000001400026e0 f   libvcruntime:memset.obj
 0001:00001880       _NLG_Notify                0000000140002880 f   libvcruntime:notify.obj
 0001:000018a0       __NLG_Dispatch2            00000001400028a0 f   libvcruntime:notify.obj
 0001:000018b0       __NLG_Return2              00000001400028b0 f   libvcruntime:notify.obj
 0001:000018b4       __except_validate_context_record 00000001400028b4 f   libvcruntime:jbcxrval.obj
 0001:000018ec       __DestructExceptionObject  00000001400028ec f   libvcruntime:ehhelpers.obj
 0001:00001960       ?_CallMemberFunction0@@YAXQEAX0@Z 0000000140002960 f i libvcruntime:ehhelpers.obj
 0001:00001964       __vcrt_freefls             0000000140002964 f   libvcruntime:per_thread_data.obj
 0001:00001984       __vcrt_initialize_ptd      0000000140002984 f   libvcruntime:per_thread_data.obj
 0001:000019d8       __vcrt_uninitialize_ptd    00000001400029d8 f   libvcruntime:per_thread_data.obj
 0001:000019fc       __vcrt_initialize_locks    00000001400029fc f   libvcruntime:locks.obj
 0001:00001a44       __vcrt_uninitialize_locks  0000000140002a44 f   libvcruntime:locks.obj
 0001:00001c54       __vcrt_FlsAlloc            0000000140002c54 f   libvcruntime:winapi_downlevel.obj
 0001:00001c9c       __vcrt_FlsFree             0000000140002c9c f   libvcruntime:winapi_downlevel.obj
 0001:00001ce4       __vcrt_FlsSetValue         0000000140002ce4 f   libvcruntime:winapi_downlevel.obj
 0001:00001d38       __vcrt_InitializeCriticalSectionEx 0000000140002d38 f   libvcruntime:winapi_downlevel.obj
 0001:00001d9c       __vcrt_initialize_winapi_thunks 0000000140002d9c f   libvcruntime:winapi_downlevel.obj
 0001:00001dcc       __vcrt_uninitialize_winapi_thunks 0000000140002dcc f   libvcruntime:winapi_downlevel.obj
 0001:00001e0c       __vcrt_initialize_pure_virtual_call_handler 0000000140002e0c f   libvcruntime:purevirt_data.obj
 0001:00001e30       memcpy_repmovs             0000000140002e30 f   libvcruntime:memcpy.obj
 0001:00001e50       memcpy                     0000000140002e50 f   libvcruntime:memcpy.obj
 0001:00001e50       memmove                    0000000140002e50 f   libvcruntime:memcpy.obj
 0001:000022a0       _CallSettingFrame          00000001400032a0 f   libvcruntime:handlers.obj
 0001:000022f0       _CallSettingFrameEncoded   00000001400032f0 f   libvcruntime:handlers.obj
 0001:00002338       __acrt_initialize_stdio    0000000140003338 f   libucrt:_file.obj
 0001:00002458       __acrt_iob_func            0000000140003458 f   libucrt:_file.obj
 0001:0000246c       __acrt_uninitialize_stdio  000000014000346c f   libucrt:_file.obj
 0001:000024c8       _lock_file                 00000001400034c8 f   libucrt:_file.obj
 0001:000024d4       _unlock_file               00000001400034d4 f   libucrt:_file.obj
 0001:00002520       ??$ensure_buffer_is_big_enough@D@formatting_buffer@__crt_stdio_output@@QEAA_N_K@Z 0000000140003520 f i libucrt:output.obj
 0001:000025c8       ??$type_case_integer_parse_into_buffer@I@?$output_processor@DV?$stream_output_adapter@D@__crt_stdio_output@@V?$standard_base@DV?$stream_output_adapter@D@__crt_stdio_output@@@2@@__crt_stdio_output@@AEAAXII_N@Z 00000001400035c8 f i libucrt:output.obj
 0001:00002658       ??$type_case_integer_parse_into_buffer@_K@?$output_processor@DV?$stream_output_adapter@D@__crt_stdio_output@@V?$standard_base@DV?$stream_output_adapter@D@__crt_stdio_output@@@2@@__crt_stdio_output@@AEAAX_KI_N@Z 0000000140003658 f i libucrt:output.obj
 0001:000026ec       ??$write_multiple_characters@V?$stream_output_adapter@D@__crt_stdio_output@@D@__crt_stdio_output@@YAXAEBV?$stream_output_adapter@D@0@DHQEAH@Z 00000001400036ec f i libucrt:output.obj
 0001:00002778       ??0_LocaleUpdate@@QEAA@QEAU__crt_locale_pointers@@@Z 0000000140003778 f i libucrt:output.obj
 0001:00002944       ?crop_zeroes@__crt_stdio_output@@YAXPEADQEAU__crt_locale_pointers@@@Z 0000000140003944 f i libucrt:output.obj
 0001:000029b0       ?force_decimal_point@__crt_stdio_output@@YAXPEADQEAU__crt_locale_pointers@@@Z 00000001400039b0 f i libucrt:output.obj
 0001:00002a20       ?parse_int_from_format_string@?$output_processor@DV?$stream_output_adapter@D@__crt_stdio_output@@V?$standard_base@DV?$stream_output_adapter@D@__crt_stdio_output@@@2@@__crt_stdio_output@@AEAA_NQEAH@Z 0000000140003a20 f i libucrt:output.obj
 0001:00002ac4       ?process@?$output_processor@DV?$stream_output_adapter@D@__crt_stdio_output@@V?$standard_base@DV?$stream_output_adapter@D@__crt_stdio_output@@@2@@__crt_stdio_output@@QEAAHXZ 0000000140003ac4 f i libucrt:output.obj
 0001:00002cdc       ?state_case_normal@?$output_processor@DV?$stream_output_adapter@D@__crt_stdio_output@@V?$standard_base@DV?$stream_output_adapter@D@__crt_stdio_output@@@2@@__crt_stdio_output@@AEAA_NXZ 0000000140003cdc f i libucrt:output.obj
 0001:00002d4c       ?state_case_normal_tchar@?$output_processor@DV?$stream_output_adapter@D@__crt_stdio_output@@V?$standard_base@DV?$stream_output_adapter@D@__crt_stdio_output@@@2@@__crt_stdio_output@@AEAA_ND@Z 0000000140003d4c f i libucrt:output.obj
 0001:00002df0       ?state_case_size@?$output_processor@DV?$stream_output_adapter@D@__crt_stdio_output@@V?$standard_base@DV?$stream_output_adapter@D@__crt_stdio_output@@@2@@__crt_stdio_output@@AEAA_NXZ 0000000140003df0 f i libucrt:output.obj
 0001:00002f64       ?state_case_type@?$output_processor@DV?$stream_output_adapter@D@__crt_stdio_output@@V?$standard_base@DV?$stream_output_adapter@D@__crt_stdio_output@@@2@@__crt_stdio_output@@AEAA_NXZ 0000000140003f64 f i libucrt:output.obj
 0001:000031e8       ?type_case_Z@?$output_processor@DV?$stream_output_adapter@D@__crt_stdio_output@@V?$standard_base@DV?$stream_output_adapter@D@__crt_stdio_output@@@2@@__crt_stdio_output@@AEAA_NXZ 00000001400041e8 f i libucrt:output.obj
 0001:00003260       ?type_case_a@?$output_processor@DV?$stream_output_adapter@D@__crt_stdio_output@@V?$standard_base@DV?$stream_output_adapter@D@__crt_stdio_output@@@2@@__crt_stdio_output@@AEAA_NXZ 0000000140004260 f i libucrt:output.obj
 0001:0000341c       ?type_case_c_tchar@?$output_processor@DV?$stream_output_adapter@D@__crt_stdio_output@@V?$standard_base@DV?$stream_output_adapter@D@__crt_stdio_output@@@2@@__crt_stdio_output@@AEAA_ND@Z 000000014000441c f i libucrt:output.obj
 0001:000034d8       ?type_case_integer@?$output_processor@DV?$stream_output_adapter@D@__crt_stdio_output@@V?$standard_base@DV?$stream_output_adapter@D@__crt_stdio_output@@@2@@__crt_stdio_output@@AEAA_NI_N@Z 00000001400044d8 f i libucrt:output.obj
 0001:000036a0       ?type_case_n@?$output_processor@DV?$stream_output_adapter@D@__crt_stdio_output@@V?$standard_base@DV?$stream_output_adapter@D@__crt_stdio_output@@@2@@__crt_stdio_output@@AEAA_NXZ 00000001400046a0 f i libucrt:output.obj
 0001:0000377c       ?type_case_s@?$output_processor@DV?$stream_output_adapter@D@__crt_stdio_output@@V?$standard_base@DV?$stream_output_adapter@D@__crt_stdio_output@@@2@@__crt_stdio_output@@AEAA_NXZ 000000014000477c f i libucrt:output.obj
 0001:00003814       ?validate_stream_is_ansi_if_required@?$__acrt_stdio_char_traits@D@@SA_NQEAU_iobuf@@@Z 0000000140004814 f i libucrt:output.obj
 0001:000038b0       ?write_stored_string_tchar@?$output_processor@DV?$stream_output_adapter@D@__crt_stdio_output@@V?$standard_base@DV?$stream_output_adapter@D@__crt_stdio_output@@@2@@__crt_stdio_output@@AEAA_ND@Z 00000001400048b0 f i libucrt:output.obj
 0001:000039d4       ?write_string_impl@?$output_adapter_common@DV?$stream_output_adapter@D@__crt_stdio_output@@@__crt_stdio_output@@IEBAXQEBDHQEAHAEAV__crt_deferred_errno_cache@@@Z 00000001400049d4 f i libucrt:output.obj
 0001:00003acc       __stdio_common_vfprintf    0000000140004acc f   libucrt:output.obj
 0001:00003b58       _seh_filter_exe            0000000140004b58 f   libucrt:exception_filter.obj
 0001:00003cdc       _query_app_type            0000000140004cdc f   libucrt:report_runtime_error.obj
 0001:00003ce4       _set_app_type              0000000140004ce4 f   libucrt:report_runtime_error.obj
 0001:00003cec       __acrt_has_user_matherr    0000000140004cec f   libucrt:matherr.obj
 0001:00003d0c       __acrt_initialize_user_matherr 0000000140004d0c f   libucrt:matherr.obj
 0001:00003d14       __acrt_invoke_user_matherr 0000000140004d14 f   libucrt:matherr.obj
 0001:00003d44       __setusermatherr           0000000140004d44 f   libucrt:matherr.obj
 0001:00003f30       __acrt_allocate_buffer_for_argv 0000000140004f30 f   libucrt:argv_parsing.obj
 0001:00003f90       _configure_narrow_argv     0000000140004f90 f   libucrt:argv_parsing.obj
 0001:000043dc       __dcrt_get_or_create_narrow_environment_nolock 00000001400053dc f   libucrt:environment_initialization.obj
 0001:00004418       __dcrt_uninitialize_environments_nolock 0000000140005418 f   libucrt:environment_initialization.obj
 0001:00004450       _get_initial_narrow_environment 0000000140005450 f   libucrt:environment_initialization.obj
 0001:000044a0       _initialize_narrow_environment 00000001400054a0 f   libucrt:environment_initialization.obj
 0001:000044a8       _initterm                  00000001400054a8 f   libucrt:initterm.obj
 0001:0000450c       _initterm_e                000000014000550c f   libucrt:initterm.obj
 0001:000047b8       __acrt_initialize_thread_local_exit_callback 00000001400057b8 f   libucrt:exit.obj
 0001:000047c0       _c_exit                    00000001400057c0 f   libucrt:exit.obj
 0001:000047d0       _cexit                     00000001400057d0 f   libucrt:exit.obj
 0001:000047e0       _exit                      00000001400057e0 f   libucrt:exit.obj
 0001:000047ec       _register_thread_local_exe_atexit_callback 00000001400057ec f   libucrt:exit.obj
 0001:00004828       exit                       0000000140005828 f   libucrt:exit.obj
 0001:00004834       _set_fmode                 0000000140005834 f   libucrt:setmode.obj
 0001:00004874       __acrt_initialize_command_line 0000000140005874 f   libucrt:argv_data.obj
 0001:0000489c       __p___argc                 000000014000589c f   libucrt:argv_data.obj
 0001:000048a4       __p___argv                 00000001400058a4 f   libucrt:argv_data.obj
 0001:0000491c       __acrt_set_locale_changed  000000014000591c f   libucrt:wsetlocale.obj
 0001:00004928       __acrt_uninitialize_locale 0000000140005928 f   libucrt:wsetlocale.obj
 0001:00004958       _configthreadlocale        0000000140005958 f   libucrt:wsetlocale.obj
 0001:000049c4       _query_new_mode            00000001400059c4 f   libucrt:new_mode.obj
 0001:000049cc       _set_new_mode              00000001400059cc f   libucrt:new_mode.obj
 0001:000049f8       __p__commode               00000001400059f8 f   libucrt:ncommode.obj
 0001:00004d40       _crt_atexit                0000000140005d40 f   libucrt:onexit.obj
 0001:00004d50       _execute_onexit_table      0000000140005d50 f   libucrt:onexit.obj
 0001:00004d8c       _initialize_onexit_table   0000000140005d8c f   libucrt:onexit.obj
 0001:00004db4       _register_onexit_function  0000000140005db4 f   libucrt:onexit.obj
 0001:00004f28       __acrt_initialize          0000000140005f28 f   libucrt:initialization.obj
 0001:00004f3c       __acrt_uninitialize        0000000140005f3c f   libucrt:initialization.obj
 0001:00004f74       terminate                  0000000140005f74 f   libucrt:terminate.obj
 0001:00004f94       free                       0000000140005f94 f   libucrt:free.obj
 0001:00004fa8       strcpy_s                   0000000140005fa8 f   libucrt:strcpy_s.obj
 0001:00005008       abort                      0000000140006008 f   libucrt:abort.obj
 0001:00005060       wcsncmp                    0000000140006060 f   libucrt:wcsncmp.obj
 0001:0000508c       ??$parse_integer@KV?$c_string_character_source@D@__crt_strtox@@@__crt_strtox@@YAKQEAU__crt_locale_pointers@@V?$c_string_character_source@D@0@H_N@Z 000000014000608c f i libucrt:atox.obj
 0001:000053e0       strncmp                    00000001400063e0 f   libucrt:strncmp.obj
 0001:00005460       __acrt_call_reportfault    0000000140006460 f   libucrt:invalid_parameter.obj
 0001:000055bc       __acrt_initialize_invalid_parameter_handler 00000001400065bc f   libucrt:invalid_parameter.obj
 0001:000055c4       _invalid_parameter         00000001400065c4 f   libucrt:invalid_parameter.obj
 0001:00005674       _invalid_parameter_noinfo  0000000140006674 f   libucrt:invalid_parameter.obj
 0001:00005694       _invoke_watson             0000000140006694 f   libucrt:invalid_parameter.obj
 0001:000056dc       __acrt_errno_from_os_error 00000001400066dc f   libucrt:errno.obj
 0001:00005724       __acrt_errno_map_os_error  0000000140006724 f   libucrt:errno.obj
 0001:00005774       __doserrno                 0000000140006774 f   libucrt:errno.obj
 0001:00005794       _errno                     0000000140006794 f   libucrt:errno.obj
 0001:000057b4       _calloc_base               00000001400067b4 f   libucrt:calloc_base.obj
 0001:0000582c       _free_base                 000000014000682c f   libucrt:free_base.obj
 0001:00005a44       __acrt_AppPolicyGetProcessTerminationMethodInternal 0000000140006a44 f   libucrt:winapi_thunks.obj
 0001:00005a94       __acrt_AreFileApisANSI     0000000140006a94 f   libucrt:winapi_thunks.obj
 0001:00005ad0       __acrt_CompareStringEx     0000000140006ad0 f   libucrt:winapi_thunks.obj
 0001:00005bac       __acrt_FlsAlloc            0000000140006bac f   libucrt:winapi_thunks.obj
 0001:00005bf4       __acrt_FlsFree             0000000140006bf4 f   libucrt:winapi_thunks.obj
 0001:00005c3c       __acrt_FlsGetValue         0000000140006c3c f   libucrt:winapi_thunks.obj
 0001:00005c84       __acrt_FlsSetValue         0000000140006c84 f   libucrt:winapi_thunks.obj
 0001:00005cd8       __acrt_InitializeCriticalSectionEx 0000000140006cd8 f   libucrt:winapi_thunks.obj
 0001:00005d3c       __acrt_LCMapStringEx       0000000140006d3c f   libucrt:winapi_thunks.obj
 0001:00005e18       __acrt_LocaleNameToLCID    0000000140006e18 f   libucrt:winapi_thunks.obj
 0001:00005e68       __acrt_initialize_winapi_thunks 0000000140006e68 f   libucrt:winapi_thunks.obj
 0001:00005e9c       __acrt_uninitialize_winapi_thunks 0000000140006e9c f   libucrt:winapi_thunks.obj
 0001:00005ee0       _fcloseall                 0000000140006ee0 f   libucrt:closeall.obj
 0001:00006170       __acrt_stdio_flush_nolock  0000000140007170 f   libucrt:fflush.obj
 0001:000061ec       _fflush_nolock             00000001400071ec f   libucrt:fflush.obj
 0001:00006238       _flushall                  0000000140007238 f   libucrt:fflush.obj
 0001:00006240       __acrt_stdio_free_buffer_nolock 0000000140007240 f   libucrt:_freebuf.obj
 0001:0000647c       __acrt_initialize_lowio    000000014000747c f   libucrt:ioinit.obj
 0001:000064b8       __acrt_uninitialize_lowio  00000001400074b8 f   libucrt:ioinit.obj
 0001:000064f8       isdigit                    00000001400074f8 f i libucrt:_ctype.obj
 0001:000065ec       _tolower_l                 00000001400075ec f   libucrt:tolower_toupper.obj
 0001:0000672c       tolower                    000000014000772c f   libucrt:tolower_toupper.obj
 0001:00006758       _malloc_base               0000000140007758 f   libucrt:malloc_base.obj
 0001:000067b8       strtol                     00000001400077b8 f   libucrt:strtox.obj
 0001:000067e4       _mbtowc_l                  00000001400077e4 f   libucrt:mbtowc.obj
 0001:00006960       mbtowc                     0000000140007960 f   libucrt:mbtowc.obj
 0001:00006968       _wctomb_s_l                0000000140007968 f   libucrt:wctomb.obj
 0001:00006b08       wctomb_s                   0000000140007b08 f   libucrt:wctomb.obj
 0001:00006b1c       strnlen                    0000000140007b1c f   libucrt:strnlen.obj
 0001:00006c6c       wcsnlen                    0000000140007c6c f   libucrt:strnlen.obj
 0001:000071bc       __acrt_getptd              00000001400081bc f   libucrt:per_thread_data.obj
 0001:00007290       __acrt_getptd_head         0000000140008290 f   libucrt:per_thread_data.obj
 0001:00007338       __acrt_getptd_noexit       0000000140008338 f   libucrt:per_thread_data.obj
 0001:00007404       __acrt_initialize_ptd      0000000140008404 f   libucrt:per_thread_data.obj
 0001:00007440       __acrt_uninitialize_ptd    0000000140008440 f   libucrt:per_thread_data.obj
 0001:00007464       __acrt_update_locale_info  0000000140008464 f   libucrt:locale_update.obj
 0001:00007498       __acrt_update_multibyte_info 0000000140008498 f   libucrt:locale_update.obj
 0001:00007ea0       __acrt_fp_format           0000000140008ea0 f   libucrt:cvt.obj
 0001:00008128       _fileno                    0000000140009128 f   libucrt:fileno.obj
 0001:00008150       _fputc_nolock              0000000140009150 f   libucrt:fputc.obj
 0001:00008168       _get_printf_count_output   0000000140009168 f   libucrt:printf_count_output.obj
 0001:00008180       __acrt_stdio_begin_temporary_buffering_nolock 0000000140009180 f   libucrt:_sftbuf.obj
 0001:00008250       __acrt_stdio_end_temporary_buffering_nolock 0000000140009250 f   libucrt:_sftbuf.obj
 0001:000082a0       ??$__acrt_mbs_to_wcs_cp@U__crt_win32_buffer_internal_dynamic_resizing@@@@YAHQEBDAEAV?$__crt_win32_buffer@_WU__crt_win32_buffer_internal_dynamic_resizing@@@@I@Z 00000001400092a0 f i libucrt:argv_wildcards.obj
 0001:00008418       ??$__acrt_wcs_to_mbs_cp@U__crt_win32_buffer_internal_dynamic_resizing@@@@YAHQEB_WAEAV?$__crt_win32_buffer@DU__crt_win32_buffer_internal_dynamic_resizing@@@@I@Z 0000000140009418 f i libucrt:argv_wildcards.obj
 0001:00008c48       __acrt_expand_narrow_argv_wildcards 0000000140009c48 f   libucrt:argv_wildcards.obj
 0001:00008c50       ??$__acrt_wcs_to_mbs_cp@U__crt_win32_buffer_no_resizing@@@@YAHQEB_WAEAV?$__crt_win32_buffer@DU__crt_win32_buffer_no_resizing@@@@I@Z 0000000140009c50 f i libucrt:getmodulefilenamea.obj
 0001:00008d64       __acrt_GetModuleFileNameA  0000000140009d64 f   libucrt:getmodulefilenamea.obj
 0001:000095b0       __acrt_initialize_multibyte 000000014000a5b0 f   libucrt:mbctype.obj
 0001:00009610       __acrt_update_thread_multibyte_data 000000014000a610 f   libucrt:mbctype.obj
 0001:0000962c       _setmbcp_nolock            000000014000a62c f   libucrt:mbctype.obj
 0001:00009960       _ismbblead                 000000014000a960 f   libucrt:ismbbyte.obj
 0001:00009974       __acrt_MultiByteToWideChar 000000014000a974 f   libucrt:multibytetowidechar.obj
 0001:000099d0       __acrt_WideCharToMultiByte 000000014000a9d0 f   libucrt:widechartomultibyte.obj
 0001:00009a68       __dcrt_get_narrow_environment_from_os 000000014000aa68 f   libucrt:get_environment_from_os.obj
 0001:00009f74       __dcrt_set_variable_in_narrow_environment_nolock 000000014000af74 f   libucrt:setenv.obj
 0001:00009f7c       __acrt_initialize_locks    000000014000af7c f   libucrt:locks.obj
 0001:00009fc4       __acrt_lock                000000014000afc4 f   libucrt:locks.obj
 0001:00009fe0       __acrt_uninitialize_locks  000000014000afe0 f   libucrt:locks.obj
 0001:0000a018       __acrt_unlock              000000014000b018 f   libucrt:locks.obj
 0001:0000a034       __acrt_get_process_end_policy 000000014000b034 f   libucrt:win_policies.obj
 0001:0000a070       __acrt_lowio_create_handle_array 000000014000b070 f   libucrt:osfinfo.obj
 0001:0000a118       __acrt_lowio_destroy_handle_array 000000014000b118 f   libucrt:osfinfo.obj
 0001:0000a168       __acrt_lowio_ensure_fh_exists 000000014000b168 f   libucrt:osfinfo.obj
 0001:0000a210       __acrt_lowio_lock_fh       000000014000b210 f   libucrt:osfinfo.obj
 0001:0000a238       __acrt_lowio_unlock_fh     000000014000b238 f   libucrt:osfinfo.obj
 0001:0000a260       _free_osfhnd               000000014000b260 f   libucrt:osfinfo.obj
 0001:0000a31c       _get_osfhandle             000000014000b31c f   libucrt:osfinfo.obj
 0001:0000a394       __acrt_locale_free_monetary 000000014000b394 f   libucrt:initmon.obj
 0001:0000a4a0       __acrt_locale_free_numeric 000000014000b4a0 f   libucrt:initnum.obj
 0001:0000a564       __acrt_locale_free_time    000000014000b564 f   libucrt:inittime.obj
 0001:0000a66c       __pctype_func              000000014000b66c f   libucrt:ctype.obj
 0001:0000a69c       __acrt_GetStringTypeA      000000014000b69c f   libucrt:getstringtypea.obj
 0001:0000a82c       __acrt_add_locale_ref      000000014000b82c f   libucrt:locale_refcounting.obj
 0001:0000a8b8       __acrt_free_locale         000000014000b8b8 f   libucrt:locale_refcounting.obj
 0001:0000aa30       __acrt_locale_add_lc_time_reference 000000014000ba30 f   libucrt:locale_refcounting.obj
 0001:0000aa58       __acrt_locale_free_lc_time_if_unreferenced 000000014000ba58 f   libucrt:locale_refcounting.obj
 0001:0000aa90       __acrt_locale_release_lc_time_reference 000000014000ba90 f   libucrt:locale_refcounting.obj
 0001:0000aab8       __acrt_release_locale_ref  000000014000bab8 f   libucrt:locale_refcounting.obj
 0001:0000ab60       __acrt_update_thread_locale_data 000000014000bb60 f   libucrt:locale_refcounting.obj
 0001:0000abd0       _updatetlocinfoEx_nolock   000000014000bbd0 f   libucrt:locale_refcounting.obj
 0001:0000ac38       _recalloc_base             000000014000bc38 f   libucrt:recalloc.obj
 0001:0000acd0       __acrt_initialize_heap     000000014000bcd0 f   libucrt:heap_handle.obj
 0001:0000acec       __acrt_uninitialize_heap   000000014000bcec f   libucrt:heap_handle.obj
 0001:0000acf8       __acrt_execute_initializers 000000014000bcf8 f   libucrt:shared_initialization.obj
 0001:0000ad78       __acrt_execute_uninitializers 000000014000bd78 f   libucrt:shared_initialization.obj
 0001:0000adb4       __acrt_initialize_new_handler 000000014000bdb4 f   libucrt:new_handler.obj
 0001:0000adbc       _callnewh                  000000014000bdbc f   libucrt:new_handler.obj
 0001:0000adec       _query_new_handler         000000014000bdec f   libucrt:new_handler.obj
 0001:0000ae68       __acrt_get_sigabrt_handler 000000014000be68 f   libucrt:signal.obj
 0001:0000ae98       __acrt_initialize_signal_handlers 000000014000be98 f   libucrt:signal.obj
 0001:0000aeb8       raise                      000000014000beb8 f   libucrt:signal.obj
 0001:0000b124       _isctype_l                 000000014000c124 f   libucrt:isctype.obj
 0001:0000b31c       __acrt_DownlevelLocaleNameToLCID 000000014000c31c f   libucrt:lcidtoname_downlevel.obj
 0001:0000b350       _fclose_nolock             000000014000c350 f   libucrt:fclose.obj
 0001:0000b3d4       fclose                     000000014000c3d4 f   libucrt:fclose.obj
 0001:0000b4c4       _commit                    000000014000c4c4 f   libucrt:commit.obj
 0001:0000bdc4       _write                     000000014000cdc4 f   libucrt:write.obj
 0001:0000beb0       _write_nolock              000000014000ceb0 f   libucrt:write.obj
 0001:0000c18c       _isleadbyte_l              000000014000d18c f i libucrt:_wctype.obj
 0001:0000c4f0       __acrt_LCMapStringA        000000014000d4f0 f   libucrt:lcmapstringa.obj
 0001:0000c588       ?__mbrtowc_utf8@__crt_mbstring@@YA_KPEA_WPEBD_KPEAU_Mbstatet@@@Z 000000014000d588 f   libucrt:mbrtowc.obj
 0001:0000c5c4       ?__mbsrtowcs_utf8@__crt_mbstring@@YA_KPEA_WPEAPEBD_KPEAU_Mbstatet@@@Z 000000014000d5c4 f   libucrt:mbrtowc.obj
 0001:0000c73c       ?__c32rtomb_utf8@__crt_mbstring@@YA_KPEAD_UPEAU_Mbstatet@@@Z 000000014000d73c f   libucrt:c32rtomb.obj
 0001:0000c7f4       __acrt_fp_strflt_to_string 000000014000d7f4 f   libucrt:_fptostr.obj
 0001:0000c8e0       ?divide@__crt_strtox@@YA_KAEAUbig_integer@1@AEBU21@@Z 000000014000d8e0 f i libucrt:cfout.obj
 0001:0000cd0c       __acrt_fltout              000000014000dd0c f   libucrt:cfout.obj
 0001:0000e124       __acrt_stdio_flush_and_write_narrow_nolock 000000014000f124 f   libucrt:_flsbuf.obj
 0001:0000e210       _isatty                    000000014000f210 f   libucrt:isatty.obj
 0001:0000e270       qsort                      000000014000f270 f   libucrt:qsort.obj
 0001:0000e630       strncpy_s                  000000014000f630 f   libucrt:strncpy_s.obj
 0001:0000e7b0       strpbrk                    000000014000f7b0 f   libucrt:strpbrk.obj
 0001:0000eb90       _mbsdec                    000000014000fb90 f   libucrt:mbsdec.obj
 0001:0000eb98       _mbsdec_l                  000000014000fb98 f   libucrt:mbsdec.obj
 0001:0000ec44       _strnicoll                 000000014000fc44 f   libucrt:strnicol.obj
 0001:0000ec5c       _strnicoll_l               000000014000fc5c f   libucrt:strnicol.obj
 0001:0000ed5c       __acrt_SetEnvironmentVariableA 000000014000fd5c f   libucrt:setenvironmentvariablea.obj
 0001:0000eef4       _msize_base                000000014000fef4 f   libucrt:msize.obj
 0001:0000ef30       _realloc_base              000000014000ff30 f   libucrt:realloc_base.obj
 0001:0000f020       _close                     0000000140010020 f   libucrt:close.obj
 0001:0000f0c4       _close_nolock              00000001400100c4 f   libucrt:close.obj
 0001:0000f184       ?__acrt_stdio_free_stream@@YAXV__crt_stdio_stream@@@Z 0000000140010184 f   libucrt:stream.obj
 0001:0000f32c       _lseeki64                  000000014001032c f   libucrt:lseek.obj
 0001:0000f334       _lseeki64_nolock           0000000140010334 f   libucrt:lseek.obj
 0001:0000f33c       _putwch_nolock             000000014001033c f   libucrt:putwch.obj
 0001:0000f378       __strncnt                  0000000140010378 f   libucrt:strncnt.obj
 0001:0000f390       ?__mbrtoc32_utf8@__crt_mbstring@@YA_KPEA_UPEBD_KPEAU_Mbstatet@@@Z 0000000140010390 f   libucrt:mbrtoc32.obj
 0001:0000f56c       fegetenv                   000000014001056c f   libucrt:fegetenv.obj
 0001:0000f58c       fesetenv                   000000014001058c f   libucrt:fesetenv.obj
 0001:0000f5dc       feholdexcept               00000001400105dc f   libucrt:feholdexcept.obj
 0001:0000f62c       ceil                       000000014001062c f   libucrt:ceil.obj
 0001:0000f6f0       log10                      00000001400106f0 f   libucrt:log10.obj
 0001:0000fc9c       __acrt_stdio_allocate_buffer_nolock 0000000140010c9c f   libucrt:_getbuf.obj
 0001:0000fd04       __ascii_strnicmp           0000000140010d04 f   libucrt:strnicmp.obj
 0001:0000fd60       _strnicmp                  0000000140010d60 f   libucrt:strnicmp.obj
 0001:0000fdb0       _strnicmp_l                0000000140010db0 f   libucrt:strnicmp.obj
 0001:000101ec       __acrt_CompareStringA      00000001400111ec f   libucrt:comparestringa.obj
 0001:00010278       __dcrt_lowio_ensure_console_output_initialized 0000000140011278 f   libucrt:initcon.obj
 0001:000102cc       __dcrt_terminate_console_output 00000001400112cc f   libucrt:initcon.obj
 0001:000102e8       __dcrt_write_console       00000001400112e8 f   libucrt:initcon.obj
 0001:000103a8       __acrt_fenv_get_control    00000001400113a8 f   libucrt:_fenvutils.obj
 0001:0001049c       __acrt_fenv_get_status     000000014001149c f   libucrt:_fenvutils.obj
 0001:000104f0       __acrt_fenv_set_control    00000001400114f0 f   libucrt:_fenvutils.obj
 0001:00010638       __acrt_fenv_set_status     0000000140011638 f   libucrt:_fenvutils.obj
 0001:000106bc       _clearfp                   00000001400116bc f   libucrt:ieee.obj
 0001:00010850       _handle_error              0000000140011850 f   libucrt:libm_error.obj
 0001:00010978       _handle_nan                0000000140011978 f   libucrt:libm_error.obj
 0001:000109a0       __acrt_initialize_fma3     00000001400119a0 f   libucrt:fma3_available.obj
 0001:00010a10       _log10_special             0000000140011a10 f   libucrt:log_special.obj
 0001:00010ae0       _get_fpsr                  0000000140011ae0 f   libucrt:fpsr.obj
 0001:00010af0       _set_fpsr                  0000000140011af0 f   libucrt:fpsr.obj
 0001:00010afa       _fclrf                     0000000140011afa f   libucrt:fpsr.obj
 0001:00010b0e       _frnd                      0000000140011b0e f   libucrt:fpsr.obj
 0001:00010b30       _raise_exc                 0000000140011b30 f   libucrt:fpexcept.obj
 0001:00010b58       _raise_exc_ex              0000000140011b58 f   libucrt:fpexcept.obj
 0001:00010e68       _set_errno_from_matherr    0000000140011e68 f   libucrt:fpexcept.obj
 0001:00010e98       _clrfp                     0000000140011e98 f   libucrt:fpctrl.obj
 0001:00010eb8       _ctrlfp                    0000000140011eb8 f   libucrt:fpctrl.obj
 0001:00010f34       _set_statfp                0000000140011f34 f   libucrt:fpctrl.obj
 0001:00010f54       _statfp                    0000000140011f54 f   libucrt:fpctrl.obj
 0001:00010f70       _FindPESection             0000000140011f70 f   LIBCMT:pesect.obj
 0001:00010fc0       _IsNonwritableInCurrentImage 0000000140011fc0 f   LIBCMT:pesect.obj
 0001:00011010       _ValidateImageBase         0000000140012010 f   LIBCMT:pesect.obj
 0001:00011040       __GSHandlerCheck           0000000140012040 f   LIBCMT:gshandler.obj
 0001:00011060       __GSHandlerCheckCommon     0000000140012060 f   LIBCMT:gshandler.obj
 0001:000110d0       __security_check_cookie    00000001400120d0 f   LIBCMT:amdsecgs.obj
 0001:000110f4       __raise_securityfailure    00000001400120f4 f   LIBCMT:gs_report.obj
 0001:00011128       __report_gsfailure         0000000140012128 f   LIBCMT:gs_report.obj
 0001:000111fc       __report_rangecheckfailure 00000001400121fc f   LIBCMT:gs_report.obj
 0001:00011210       __report_securityfailure   0000000140012210 f   LIBCMT:gs_report.obj
 0001:000113a0       _alloca_probe              00000001400123a0 f   LIBCMT:chkstk.obj
 0001:000113a0       __chkstk                   00000001400123a0 f   LIBCMT:chkstk.obj
 0001:00011410       memcmp                     0000000140012410 f   libvcruntime:memcmp.obj
 0001:000114d8       strrchr                    00000001400124d8 f   libvcruntime:strrchr.obj
 0001:00011624       strchr                     0000000140012624 f   libvcruntime:strchr.obj
 0001:000116c0       _guard_dispatch_icall_nop  00000001400126c0 f   LIBCMT:guard_dispatch.obj
 0002:00000000       __imp_GetCurrentDirectoryA 0000000140013000     kernel32:KERNEL32.dll
 0002:00000008       __imp_FindFirstFileA       0000000140013008     kernel32:KERNEL32.dll
 0002:00000010       __imp_FindNextFileA        0000000140013010     kernel32:KERNEL32.dll
 0002:00000018       __imp_GetLastError         0000000140013018     kernel32:KERNEL32.dll
 0002:00000020       __imp_VirtualAlloc         0000000140013020     kernel32:KERNEL32.dll
 0002:00000028       __imp_VirtualFree          0000000140013028     kernel32:KERNEL32.dll
 0002:00000030       __imp_FormatMessageA       0000000140013030     kernel32:KERNEL32.dll
 0002:00000038       __imp_QueryPerformanceCounter 0000000140013038     kernel32:KERNEL32.dll
 0002:00000040       __imp_GetCurrentProcessId  0000000140013040     kernel32:KERNEL32.dll
 0002:00000048       __imp_GetCurrentThreadId   0000000140013048     kernel32:KERNEL32.dll
 0002:00000050       __imp_GetSystemTimeAsFileTime 0000000140013050     kernel32:KERNEL32.dll
 0002:00000058       __imp_InitializeSListHead  0000000140013058     kernel32:KERNEL32.dll
 0002:00000060       __imp_RtlCaptureContext    0000000140013060     kernel32:KERNEL32.dll
 0002:00000068       __imp_RtlLookupFunctionEntry 0000000140013068     kernel32:KERNEL32.dll
 0002:00000070       __imp_RtlVirtualUnwind     0000000140013070     kernel32:KERNEL32.dll
 0002:00000078       __imp_IsDebuggerPresent    0000000140013078     kernel32:KERNEL32.dll
 0002:00000080       __imp_UnhandledExceptionFilter 0000000140013080     kernel32:KERNEL32.dll
 0002:00000088       __imp_SetUnhandledExceptionFilter 0000000140013088     kernel32:KERNEL32.dll
 0002:00000090       __imp_GetStartupInfoW      0000000140013090     kernel32:KERNEL32.dll
 0002:00000098       __imp_IsProcessorFeaturePresent 0000000140013098     kernel32:KERNEL32.dll
 0002:000000a0       __imp_GetModuleHandleW     00000001400130a0     kernel32:KERNEL32.dll
 0002:000000a8       __imp_WriteConsoleW        00000001400130a8     kernel32:KERNEL32.dll
 0002:000000b0       __imp_RtlUnwindEx          00000001400130b0     kernel32:KERNEL32.dll
 0002:000000b8       __imp_SetLastError         00000001400130b8     kernel32:KERNEL32.dll
 0002:000000c0       __imp_EnterCriticalSection 00000001400130c0     kernel32:KERNEL32.dll
 0002:000000c8       __imp_LeaveCriticalSection 00000001400130c8     kernel32:KERNEL32.dll
 0002:000000d0       __imp_DeleteCriticalSection 00000001400130d0     kernel32:KERNEL32.dll
 0002:000000d8       __imp_InitializeCriticalSectionAndSpinCount 00000001400130d8     kernel32:KERNEL32.dll
 0002:000000e0       __imp_TlsAlloc             00000001400130e0     kernel32:KERNEL32.dll
 0002:000000e8       __imp_TlsGetValue          00000001400130e8     kernel32:KERNEL32.dll
 0002:000000f0       __imp_TlsSetValue          00000001400130f0     kernel32:KERNEL32.dll
 0002:000000f8       __imp_TlsFree              00000001400130f8     kernel32:KERNEL32.dll
 0002:00000100       __imp_FreeLibrary          0000000140013100     kernel32:KERNEL32.dll
 0002:00000108       __imp_GetProcAddress       0000000140013108     kernel32:KERNEL32.dll
 0002:00000110       __imp_LoadLibraryExW       0000000140013110     kernel32:KERNEL32.dll
 0002:00000118       __imp_RaiseException       0000000140013118     kernel32:KERNEL32.dll
 0002:00000120       __imp_GetStdHandle         0000000140013120     kernel32:KERNEL32.dll
 0002:00000128       __imp_WriteFile            0000000140013128     kernel32:KERNEL32.dll
 0002:00000130       __imp_GetModuleFileNameW   0000000140013130     kernel32:KERNEL32.dll
 0002:00000138       __imp_GetCurrentProcess    0000000140013138     kernel32:KERNEL32.dll
 0002:00000140       __imp_ExitProcess          0000000140013140     kernel32:KERNEL32.dll
 0002:00000148       __imp_TerminateProcess     0000000140013148     kernel32:KERNEL32.dll
 0002:00000150       __imp_GetModuleHandleExW   0000000140013150     kernel32:KERNEL32.dll
 0002:00000158       __imp_GetCommandLineA      0000000140013158     kernel32:KERNEL32.dll
 0002:00000160       __imp_GetCommandLineW      0000000140013160     kernel32:KERNEL32.dll
 0002:00000168       __imp_HeapAlloc            0000000140013168     kernel32:KERNEL32.dll
 0002:00000170       __imp_HeapFree             0000000140013170     kernel32:KERNEL32.dll
 0002:00000178       __imp_CompareStringW       0000000140013178     kernel32:KERNEL32.dll
 0002:00000180       __imp_LCMapStringW         0000000140013180     kernel32:KERNEL32.dll
 0002:00000188       __imp_GetFileType          0000000140013188     kernel32:KERNEL32.dll
 0002:00000190       __imp_FindClose            0000000140013190     kernel32:KERNEL32.dll
 0002:00000198       __imp_FindFirstFileExW     0000000140013198     kernel32:KERNEL32.dll
 0002:000001a0       __imp_FindNextFileW        00000001400131a0     kernel32:KERNEL32.dll
 0002:000001a8       __imp_IsValidCodePage      00000001400131a8     kernel32:KERNEL32.dll
 0002:000001b0       __imp_GetACP               00000001400131b0     kernel32:KERNEL32.dll
 0002:000001b8       __imp_GetOEMCP             00000001400131b8     kernel32:KERNEL32.dll
 0002:000001c0       __imp_GetCPInfo            00000001400131c0     kernel32:KERNEL32.dll
 0002:000001c8       __imp_MultiByteToWideChar  00000001400131c8     kernel32:KERNEL32.dll
 0002:000001d0       __imp_WideCharToMultiByte  00000001400131d0     kernel32:KERNEL32.dll
 0002:000001d8       __imp_GetEnvironmentStringsW 00000001400131d8     kernel32:KERNEL32.dll
 0002:000001e0       __imp_FreeEnvironmentStringsW 00000001400131e0     kernel32:KERNEL32.dll
 0002:000001e8       __imp_SetEnvironmentVariableW 00000001400131e8     kernel32:KERNEL32.dll
 0002:000001f0       __imp_SetStdHandle         00000001400131f0     kernel32:KERNEL32.dll
 0002:000001f8       __imp_GetStringTypeW       00000001400131f8     kernel32:KERNEL32.dll
 0002:00000200       __imp_GetProcessHeap       0000000140013200     kernel32:KERNEL32.dll
 0002:00000208       __imp_FlushFileBuffers     0000000140013208     kernel32:KERNEL32.dll
 0002:00000210       __imp_GetConsoleCP         0000000140013210     kernel32:KERNEL32.dll
 0002:00000218       __imp_GetConsoleMode       0000000140013218     kernel32:KERNEL32.dll
 0002:00000220       __imp_GetFileSizeEx        0000000140013220     kernel32:KERNEL32.dll
 0002:00000228       __imp_SetFilePointerEx     0000000140013228     kernel32:KERNEL32.dll
 0002:00000230       __imp_HeapSize             0000000140013230     kernel32:KERNEL32.dll
 0002:00000238       __imp_HeapReAlloc          0000000140013238     kernel32:KERNEL32.dll
 0002:00000240       __imp_CloseHandle          0000000140013240     kernel32:KERNEL32.dll
 0002:00000248       __imp_CreateFileW          0000000140013248     kernel32:KERNEL32.dll
 0002:00000250       \177KERNEL32_NULL_THUNK_DATA 0000000140013250     kernel32:KERNEL32.dll
 0002:00000258       __guard_check_icall_fptr   0000000140013258     LIBCMT:guard_support.obj
 0002:00000260       __guard_dispatch_icall_fptr 0000000140013260     LIBCMT:guard_support.obj
 0002:00000268       __xc_a                     0000000140013268     LIBCMT:initializers.obj
 0002:00000278       __xc_z                     0000000140013278     LIBCMT:initializers.obj
 0002:00000280       __xi_a                     0000000140013280     LIBCMT:initializers.obj
 0002:00000298       __acrt_stdio_initializer   0000000140013298     libucrt:stdio_initializer.obj
 0002:000002a0       __acrt_multibyte_initializer 00000001400132a0     libucrt:multibyte_initializer.obj
 0002:000002a8       __acrt_tran_fma3_initializer 00000001400132a8     libucrt:fma3_initializer.obj
 0002:000002b0       __xi_z                     00000001400132b0     LIBCMT:initializers.obj
 0002:000002b8       __xp_a                     00000001400132b8     LIBCMT:initializers.obj
 0002:000002c0       __acrt_locale_terminator   00000001400132c0     libucrt:locale_initializer.obj
 0002:000002c8       __dcrt_console_output_terminator 00000001400132c8     libucrt:console_output_initializer.obj
 0002:000002d0       __acrt_stdio_terminator    00000001400132d0     libucrt:stdio_initializer.obj
 0002:000002d8       __xp_z                     00000001400132d8     LIBCMT:initializers.obj
 0002:000002e0       __xt_a                     00000001400132e0     LIBCMT:initializers.obj
 0002:000002e8       __xt_z                     00000001400132e8     LIBCMT:initializers.obj
 0002:000003e8       ??_C@_0BF@FEMIBAFA@string_list?3?3Reduce?6@ 00000001400133e8     webgen.obj
 0002:00000400       ??_C@_0EI@KEMBNJGA@Length?5of?5c_string?5passed?5to?5st@ 0000000140013400     webgen.obj
 0002:00000448       ??_C@_0CA@GOGCCPEJ@?5?5?5?5?5?5?5?5recieved?5length?5of?5?$CFld?6@ 0000000140013448     webgen.obj
 0002:00000468       ??_C@_0BK@IOONFMMD@?6string_list?5?9?5?$CFld?1?$CFld?5?3?6@ 0000000140013468     webgen.obj
 0002:00000488       ??_C@_0P@MHEJIGGB@?5?5?5?5?$FL?$CFld?$FN?3?5?$CFs?6@ 0000000140013488     webgen.obj
 0002:00000498       ??_C@_01EEMJAFIK@?6@       0000000140013498     webgen.obj
 0002:000004a0       ??_C@_0BB@JKCDKBHL@?5?5?5?5?$FLERROR?$FN?3?5?$CFs?6@ 00000001400134a0     webgen.obj
 0002:000004b8       _pDestructExceptionObject  00000001400134b8     libvcruntime:ehhelpers.obj
 0002:000004d8       ??_C@_1DM@KHCHBNEB@?$AAa?$AAp?$AAi?$AA?9?$AAm?$AAs?$AA?9?$AAw?$AAi?$AAn?$AA?9?$AAc?$AAo?$AAr?$AAe@ 00000001400134d8     libvcruntime:winapi_downlevel.obj
 0002:00000518       ??_C@_1DK@LPPGFMPP@?$AAa?$AAp?$AAi?$AA?9?$AAm?$AAs?$AA?9?$AAw?$AAi?$AAn?$AA?9?$AAc?$AAo?$AAr?$AAe@ 0000000140013518     libvcruntime:winapi_downlevel.obj
 0002:00000558       ??_C@_1BC@GDMECMAK@?$AAk?$AAe?$AAr?$AAn?$AAe?$AAl?$AA3?$AA2@ 0000000140013558     libvcruntime:winapi_downlevel.obj
 0002:00000570       ??_C@_1BA@PFFKHIOG@?$AAa?$AAp?$AAi?$AA?9?$AAm?$AAs?$AA?9@ 0000000140013570     libvcruntime:winapi_downlevel.obj
 0002:00000580       ??_C@_1BA@IAIFMGEF@?$AAe?$AAx?$AAt?$AA?9?$AAm?$AAs?$AA?9@ 0000000140013580     libvcruntime:winapi_downlevel.obj
 0002:00000598       ??_C@_08KNHFBNJ@FlsAlloc@  0000000140013598     libvcruntime:winapi_downlevel.obj
 0002:000005b0       ??_C@_07PEJMOBNF@FlsFree@  00000001400135b0     libvcruntime:winapi_downlevel.obj
 0002:000005c0       ??_C@_0M@JCPCPOEF@FlsSetValue@ 00000001400135c0     libvcruntime:winapi_downlevel.obj
 0002:000005d8       ??_C@_0BM@HCFOFFN@InitializeCriticalSectionEx@ 00000001400135d8     libvcruntime:winapi_downlevel.obj
 0002:00000938       ??_C@_08EHJDFFNH@__based?$CI@ 0000000140013938     libvcruntime:undname.obj
 0002:00000948       ??_C@_07KOLFKCDI@__cdecl@  0000000140013948     libvcruntime:undname.obj
 0002:00000950       ??_C@_08GHMPAG@__pascal@   0000000140013950     libvcruntime:undname.obj
 0002:00000960       ??_C@_09IFJBGAPI@__stdcall@ 0000000140013960     libvcruntime:undname.obj
 0002:00000970       ??_C@_0L@NPHFGOKO@__thiscall@ 0000000140013970     libvcruntime:undname.obj
 0002:00000980       ??_C@_0L@JMKHOMEK@__fastcall@ 0000000140013980     libvcruntime:undname.obj
 0002:00000990       ??_C@_0N@BCKKPABJ@__vectorcall@ 0000000140013990     libvcruntime:undname.obj
 0002:000009a0       ??_C@_09HIJEGCPM@__clrcall@ 00000001400139a0     libvcruntime:undname.obj
 0002:000009ac       ??_C@_06GHPCKEAG@__eabi@   00000001400139ac     libvcruntime:undname.obj
 0002:000009b8       ??_C@_09IOPIDJLG@__swift_1@ 00000001400139b8     libvcruntime:undname.obj
 0002:000009c8       ??_C@_09KFNFGKHF@__swift_2@ 00000001400139c8     libvcruntime:undname.obj
 0002:000009d8       ??_C@_07JOMMBBKO@__ptr64@  00000001400139d8     libvcruntime:undname.obj
 0002:000009e0       ??_C@_0L@PILCLIHE@__restrict@ 00000001400139e0     libvcruntime:undname.obj
 0002:000009f0       ??_C@_0M@GFIIJFMG@__unaligned@ 00000001400139f0     libvcruntime:undname.obj
 0002:00000a00       ??_C@_09DHDLOLLB@restrict?$CI@ 0000000140013a00     libvcruntime:undname.obj
 0002:00000a0a       ??_C@_00CNPNBAHC@@         0000000140013a0a     libvcruntime:undname.obj
 0002:00000a0c       ??_C@_04NIHEBCM@?5new@     0000000140013a0c     libvcruntime:undname.obj
 0002:00000a18       ??_C@_07FPCDHGMM@?5delete@ 0000000140013a18     libvcruntime:undname.obj
 0002:00000a20       ??_C@_01NEMOKFLO@?$DN@     0000000140013a20     libvcruntime:undname.obj
 0002:00000a24       ??_C@_02GPIOPFAK@?$DO?$DO@ 0000000140013a24     libvcruntime:undname.obj
 0002:00000a28       ??_C@_02FODMEDOG@?$DM?$DM@ 0000000140013a28     libvcruntime:undname.obj
 0002:00000a2c       ??_C@_01DCLJPIOD@?$CB@     0000000140013a2c     libvcruntime:undname.obj
 0002:00000a30       ??_C@_02EGOFBIJA@?$DN?$DN@ 0000000140013a30     libvcruntime:undname.obj
 0002:00000a34       ??_C@_02FDNJECIE@?$CB?$DN@ 0000000140013a34     libvcruntime:undname.obj
 0002:00000a38       ??_C@_02GPECMEKF@?$FL?$FN@ 0000000140013a38     libvcruntime:undname.obj
 0002:00000a40       ??_C@_08LHJFAFGD@operator@ 0000000140013a40     libvcruntime:undname.obj
 0002:00000a4c       ??_C@_02HBOOOICD@?9?$DO@   0000000140013a4c     libvcruntime:undname.obj
 0002:00000a50       ??_C@_01NBENCBCI@?$CK@     0000000140013a50     libvcruntime:undname.obj
 0002:00000a54       ??_C@_02ECNGHCIF@?$CL?$CL@ 0000000140013a54     libvcruntime:undname.obj
 0002:00000a58       ??_C@_02BAABKJLB@?9?9@     0000000140013a58     libvcruntime:undname.obj
 0002:00000a5c       ??_C@_01JOAMLHOP@?9@       0000000140013a5c     libvcruntime:undname.obj
 0002:00000a60       ??_C@_01MIFGBAGJ@?$CL@     0000000140013a60     libvcruntime:undname.obj
 0002:00000a64       ??_C@_01HNPIGOCE@?$CG@     0000000140013a64     libvcruntime:undname.obj
 0002:00000a68       ??_C@_03MNHNFDLC@?9?$DO?$CK@ 0000000140013a68     libvcruntime:undname.obj
 0002:00000a6c       ??_C@_01KMDKNFGN@?1@       0000000140013a6c     libvcruntime:undname.obj
 0002:00000a70       ??_C@_01FGNFDNOH@?$CF@     0000000140013a70     libvcruntime:undname.obj
 0002:00000a74       ??_C@_01MNNFJEPP@?$DM@     0000000140013a74     libvcruntime:undname.obj
 0002:00000a78       ??_C@_02EHCHHCKH@?$DM?$DN@ 0000000140013a78     libvcruntime:undname.obj
 0002:00000a7c       ??_C@_01PPODPGHN@?$DO@     0000000140013a7c     libvcruntime:undname.obj
 0002:00000a80       ??_C@_02EEKDKGMJ@?$DO?$DN@ 0000000140013a80     libvcruntime:undname.obj
 0002:00000a84       ??_C@_01IHBHIGKO@?0@       0000000140013a84     libvcruntime:undname.obj
 0002:00000a88       ??_C@_02HCKGKOFO@?$CI?$CJ@ 0000000140013a88     libvcruntime:undname.obj
 0002:00000a8c       ??_C@_01PJKLJHI@?$HO@      0000000140013a8c     libvcruntime:undname.obj
 0002:00000a90       ??_C@_01JKBOJNNK@?$FO@     0000000140013a90     libvcruntime:undname.obj
 0002:00000a94       ??_C@_01DNKMNLPK@?$HM@     0000000140013a94     libvcruntime:undname.obj
 0002:00000a98       ??_C@_02PPKAJPJL@?$CG?$CG@ 0000000140013a98     libvcruntime:undname.obj
 0002:00000a9c       ??_C@_02NONPIBCD@?$HM?$HM@ 0000000140013a9c     libvcruntime:undname.obj
 0002:00000aa0       ??_C@_02FPIMKNGF@?$CK?$DN@ 0000000140013aa0     libvcruntime:undname.obj
 0002:00000aa4       ??_C@_02FOEOMHFC@?$CL?$DN@ 0000000140013aa4     libvcruntime:undname.obj
 0002:00000aa8       ??_C@_02FKMDLLOA@?9?$DN@   0000000140013aa8     libvcruntime:undname.obj
 0002:00000aac       ??_C@_02FJEHGPIO@?1?$DN@   0000000140013aac     libvcruntime:undname.obj
 0002:00000ab0       ??_C@_02FENAOKFI@?$CF?$DN@ 0000000140013ab0     libvcruntime:undname.obj
 0002:00000ab4       ??_C@_03IKFCCPFF@?$DO?$DO?$DN@ 0000000140013ab4     libvcruntime:undname.obj
 0002:00000ab8       ??_C@_03CDNPDDLA@?$DM?$DM?$DN@ 0000000140013ab8     libvcruntime:undname.obj
 0002:00000abc       ??_C@_02FGJGFEAB@?$CG?$DN@ 0000000140013abc     libvcruntime:undname.obj
 0002:00000ac0       ??_C@_02DHLNPPGH@?$HM?$DN@ 0000000140013ac0     libvcruntime:undname.obj
 0002:00000ac4       ??_C@_02MHEGNOJ@?$FO?$DN@  0000000140013ac4     libvcruntime:undname.obj
 0002:00000ac8       ??_C@_09IFPLHPGF@?$GAvftable?8@ 0000000140013ac8     libvcruntime:undname.obj
 0002:00000ad8       ??_C@_09BLBHBJP@?$GAvbtable?8@ 0000000140013ad8     libvcruntime:undname.obj
 0002:00000ae8       ??_C@_07FEEIOKP@?$GAvcall?8@ 0000000140013ae8     libvcruntime:undname.obj
 0002:00000af0       ??_C@_08LLFFHHDJ@?$GAtypeof?8@ 0000000140013af0     libvcruntime:undname.obj
 0002:00000b00       ??_C@_0BF@KDPPACIK@?$GAlocal?5static?5guard?8@ 0000000140013b00     libvcruntime:undname.obj
 0002:00000b18       ??_C@_08OBABFOLI@?$GAstring?8@ 0000000140013b18     libvcruntime:undname.obj
 0002:00000b28       ??_C@_0BD@JDLKDPAB@?$GAvbase?5destructor?8@ 0000000140013b28     libvcruntime:undname.obj
 0002:00000b40       ??_C@_0BN@DEGPLNFK@?$GAvector?5deleting?5destructor?8@ 0000000140013b40     libvcruntime:undname.obj
 0002:00000b60       ??_C@_0BO@OBMKPJIG@?$GAdefault?5constructor?5closure?8@ 0000000140013b60     libvcruntime:undname.obj
 0002:00000b80       ??_C@_0BN@IMDCHIKM@?$GAscalar?5deleting?5destructor?8@ 0000000140013b80     libvcruntime:undname.obj
 0002:00000ba0       ??_C@_0BO@PFGOCPJJ@?$GAvector?5constructor?5iterator?8@ 0000000140013ba0     libvcruntime:undname.obj
 0002:00000bc0       ??_C@_0BN@LFPFMEDL@?$GAvector?5destructor?5iterator?8@ 0000000140013bc0     libvcruntime:undname.obj
 0002:00000be0       ??_C@_0CE@IKBNEHA@?$GAvector?5vbase?5constructor?5itera@ 0000000140013be0     libvcruntime:undname.obj
 0002:00000c08       ??_C@_0BL@NILFHHPC@?$GAvirtual?5displacement?5map?8@ 0000000140013c08     libvcruntime:undname.obj
 0002:00000c28       ??_C@_0CB@JONCMFFK@?$GAeh?5vector?5constructor?5iterator@ 0000000140013c28     libvcruntime:undname.obj
 0002:00000c50       ??_C@_0CA@GCEOPDGL@?$GAeh?5vector?5destructor?5iterator?8@ 0000000140013c50     libvcruntime:undname.obj
 0002:00000c70       ??_C@_0CH@OOJPLCPH@?$GAeh?5vector?5vbase?5constructor?5it@ 0000000140013c70     libvcruntime:undname.obj
 0002:00000c98       ??_C@_0BL@LLKPOHJI@?$GAcopy?5constructor?5closure?8@ 0000000140013c98     libvcruntime:undname.obj
 0002:00000cb8       ??_C@_0BA@KBCDOMBN@?$GAudt?5returning?8@ 0000000140013cb8     libvcruntime:undname.obj
 0002:00000cc8       ??_C@_03KLGMFNMG@?$GAEH@   0000000140013cc8     libvcruntime:undname.obj
 0002:00000ccc       ??_C@_05KHLCHHI@?$GARTTI@  0000000140013ccc     libvcruntime:undname.obj
 0002:00000cd8       ??_C@_0BA@KKLDJDLB@?$GAlocal?5vftable?8@ 0000000140013cd8     libvcruntime:undname.obj
 0002:00000ce8       ??_C@_0CE@IIHCMGGL@?$GAlocal?5vftable?5constructor?5clos@ 0000000140013ce8     libvcruntime:undname.obj
 0002:00000d0c       ??_C@_06FHBGPFGH@?5new?$FL?$FN@ 0000000140013d0c     libvcruntime:undname.obj
 0002:00000d18       ??_C@_09LBNFPBCA@?5delete?$FL?$FN@ 0000000140013d18     libvcruntime:undname.obj
 0002:00000d28       ??_C@_0P@HJKNJFNN@?$GAomni?5callsig?8@ 0000000140013d28     libvcruntime:undname.obj
 0002:00000d38       ??_C@_0BL@CNOONJFP@?$GAplacement?5delete?5closure?8@ 0000000140013d38     libvcruntime:undname.obj
 0002:00000d58       ??_C@_0BN@CKNJLHMB@?$GAplacement?5delete?$FL?$FN?5closure?8@ 0000000140013d58     libvcruntime:undname.obj
 0002:00000d78       ??_C@_0CG@CFDHKGGD@?$GAmanaged?5vector?5constructor?5ite@ 0000000140013d78     libvcruntime:undname.obj
 0002:00000da0       ??_C@_0CF@IMGKMJNO@?$GAmanaged?5vector?5destructor?5iter@ 0000000140013da0     libvcruntime:undname.obj
 0002:00000dc8       ??_C@_0CG@HLDDJMAG@?$GAeh?5vector?5copy?5constructor?5ite@ 0000000140013dc8     libvcruntime:undname.obj
 0002:00000df0       ??_C@_0CM@FCBBDIGB@?$GAeh?5vector?5vbase?5copy?5construct@ 0000000140013df0     libvcruntime:undname.obj
 0002:00000e20       ??_C@_0BL@CLIPGLGB@?$GAdynamic?5initializer?5for?5?8@ 0000000140013e20     libvcruntime:undname.obj
 0002:00000e40       ??_C@_0CB@PDBIFEP@?$GAdynamic?5atexit?5destructor?5for?5@ 0000000140013e40     libvcruntime:undname.obj
 0002:00000e68       ??_C@_0CD@CGAJBKEJ@?$GAvector?5copy?5constructor?5iterat@ 0000000140013e68     libvcruntime:undname.obj
 0002:00000e90       ??_C@_0CJ@GJELGAMM@?$GAvector?5vbase?5copy?5constructor?5@ 0000000140013e90     libvcruntime:undname.obj
 0002:00000ec0       ??_C@_0CL@FGIJHLCE@?$GAmanaged?5vector?5copy?5constructo@ 0000000140013ec0     libvcruntime:undname.obj
 0002:00000ef0       ??_C@_0BM@PMGGMLDN@?$GAlocal?5static?5thread?5guard?8@ 0000000140013ef0     libvcruntime:undname.obj
 0002:00000f10       ??_C@_0N@BDNMDMOL@operator?5?$CC?$CC?5@ 0000000140013f10     libvcruntime:undname.obj
 0002:00000f20       ??_C@_0BC@GGEBGALA@operator?5co_await@ 0000000140013f20     libvcruntime:undname.obj
 0002:00000f38       ??_C@_0BC@DAFEJGAK@?5Type?5Descriptor?8@ 0000000140013f38     libvcruntime:undname.obj
 0002:00000f50       ??_C@_0BM@LDKODKLH@?5Base?5Class?5Descriptor?5at?5?$CI@ 0000000140013f50     libvcruntime:undname.obj
 0002:00000f70       ??_C@_0BD@LGICGFMM@?5Base?5Class?5Array?8@ 0000000140013f70     libvcruntime:undname.obj
 0002:00000f88       ??_C@_0BN@MECKDCOJ@?5Class?5Hierarchy?5Descriptor?8@ 0000000140013f88     libvcruntime:undname.obj
 0002:00000fa8       ??_C@_0BK@CFCOFLF@?5Complete?5Object?5Locator?8@ 0000000140013fa8     libvcruntime:undname.obj
 0002:00000fd0       standard_lookup_table      0000000140013fd0     libucrt:output.obj
 0002:00001030       ??_C@_1O@CEDCILHN@?$AA?$CI?$AAn?$AAu?$AAl?$AAl?$AA?$CJ?$AA?$AA@ 0000000140014030     libucrt:output.obj
 0002:00001040       ??_C@_06OJHGLDPL@?$CInull?$CJ?$AA@ 0000000140014040     libucrt:output.obj
 0002:00001050       __acrt_exception_action_table 0000000140014050     libucrt:exception_filter.obj
 0002:00001110       __acrt_signal_action_table_count 0000000140014110     libucrt:exception_filter.obj
 0002:00001118       __acrt_signal_action_first_fpe_index 0000000140014118     libucrt:exception_filter.obj
 0002:00001120       __acrt_signal_action_fpe_count 0000000140014120     libucrt:exception_filter.obj
 0002:00001128       ??_C@_1BI@BGOHAHKC@?$AAm?$AAs?$AAc?$AAo?$AAr?$AAe?$AAe?$AA?4?$AAd?$AAl?$AAl?$AA?$AA@ 0000000140014128     libucrt:exit.obj
 0002:00001140       ??_C@_0P@MIGLKIOC@CorExitProcess?$AA@ 0000000140014140     libucrt:exit.obj
 0002:00001460       ??_C@_1EA@JGEFHKEI@?$AAa?$AAp?$AAi?$AA?9?$AAm?$AAs?$AA?9?$AAw?$AAi?$AAn?$AA?9?$AAc?$AAo?$AAr?$AAe?$AA?9?$AAd?$AAa?$AAt?$AAe?$AAt?$AAi?$AAm?$AAe?$AA?9?$AAl?$AA1?$AA?9?$AA1?$AA?9?$AA1?$AA?$AA@ 0000000140014460     libucrt:winapi_thunks.obj
 0002:000014a0       ??_C@_1DM@KHCHBNEB@?$AAa?$AAp?$AAi?$AA?9?$AAm?$AAs?$AA?9?$AAw?$AAi?$AAn?$AA?9?$AAc?$AAo?$AAr?$AAe?$AA?9?$AAf?$AAi?$AAb?$AAe?$AAr?$AAs?$AA?9?$AAl?$AA1?$AA?9?$AA1?$AA?9?$AA1?$AA?$AA@ 00000001400144a0     libucrt:winapi_thunks.obj
 0002:000014e0       ??_C@_1DI@IJCEHOCB@?$AAa?$AAp?$AAi?$AA?9?$AAm?$AAs?$AA?9?$AAw?$AAi?$AAn?$AA?9?$AAc?$AAo?$AAr?$AAe?$AA?9?$AAf?$AAi?$AAl?$AAe?$AA?9?$AAl?$AA1?$AA?9?$AA2?$AA?9?$AA2?$AA?$AA@ 00000001400144e0     libucrt:winapi_thunks.obj
 0002:00001520       ??_C@_1EI@MPIAOHOC@?$AAa?$AAp?$AAi?$AA?9?$AAm?$AAs?$AA?9?$AAw?$AAi?$AAn?$AA?9?$AAc?$AAo?$AAr?$AAe?$AA?9?$AAl?$AAo?$AAc?$AAa?$AAl?$AAi?$AAz?$AAa?$AAt?$AAi?$AAo?$AAn?$AA?9?$AAl?$AA1?$AA?9@ 0000000140014520     libucrt:winapi_thunks.obj
 0002:00001570       ??_C@_1FK@FPHCKFIE@?$AAa?$AAp?$AAi?$AA?9?$AAm?$AAs?$AA?9?$AAw?$AAi?$AAn?$AA?9?$AAc?$AAo?$AAr?$AAe?$AA?9?$AAl?$AAo?$AAc?$AAa?$AAl?$AAi?$AAz?$AAa?$AAt?$AAi?$AAo?$AAn?$AA?9?$AAo?$AAb?$AAs@ 0000000140014570     libucrt:winapi_thunks.obj
 0002:000015d0       ??_C@_1EM@DILCGIIO@?$AAa?$AAp?$AAi?$AA?9?$AAm?$AAs?$AA?9?$AAw?$AAi?$AAn?$AA?9?$AAc?$AAo?$AAr?$AAe?$AA?9?$AAp?$AAr?$AAo?$AAc?$AAe?$AAs?$AAs?$AAt?$AAh?$AAr?$AAe?$AAa?$AAd?$AAs?$AA?9?$AAl@ 00000001400145d0     libucrt:winapi_thunks.obj
 0002:00001620       ??_C@_1DM@LNCGDDPN@?$AAa?$AAp?$AAi?$AA?9?$AAm?$AAs?$AA?9?$AAw?$AAi?$AAn?$AA?9?$AAc?$AAo?$AAr?$AAe?$AA?9?$AAs?$AAt?$AAr?$AAi?$AAn?$AAg?$AA?9?$AAl?$AA1?$AA?9?$AA1?$AA?9?$AA0?$AA?$AA@ 0000000140014620     libucrt:winapi_thunks.obj
 0002:00001660       ??_C@_1DK@LPPGFMPP@?$AAa?$AAp?$AAi?$AA?9?$AAm?$AAs?$AA?9?$AAw?$AAi?$AAn?$AA?9?$AAc?$AAo?$AAr?$AAe?$AA?9?$AAs?$AAy?$AAn?$AAc?$AAh?$AA?9?$AAl?$AA1?$AA?9?$AA2?$AA?9?$AA0?$AA?$AA@ 0000000140014660     libucrt:winapi_thunks.obj
 0002:000016a0       ??_C@_1DO@FPAPJEMD@?$AAa?$AAp?$AAi?$AA?9?$AAm?$AAs?$AA?9?$AAw?$AAi?$AAn?$AA?9?$AAc?$AAo?$AAr?$AAe?$AA?9?$AAs?$AAy?$AAs?$AAi?$AAn?$AAf?$AAo?$AA?9?$AAl?$AA1?$AA?9?$AA2?$AA?9?$AA1?$AA?$AA@ 00000001400146a0     libucrt:winapi_thunks.obj
 0002:000016e0       ??_C@_1DK@NDHNAHIO@?$AAa?$AAp?$AAi?$AA?9?$AAm?$AAs?$AA?9?$AAw?$AAi?$AAn?$AA?9?$AAc?$AAo?$AAr?$AAe?$AA?9?$AAw?$AAi?$AAn?$AAr?$AAt?$AA?9?$AAl?$AA1?$AA?9?$AA1?$AA?9?$AA0?$AA?$AA@ 00000001400146e0     libucrt:winapi_thunks.obj
 0002:00001720       ??_C@_1DM@KGHDGBCM@?$AAa?$AAp?$AAi?$AA?9?$AAm?$AAs?$AA?9?$AAw?$AAi?$AAn?$AA?9?$AAc?$AAo?$AAr?$AAe?$AA?9?$AAx?$AAs?$AAt?$AAa?$AAt?$AAe?$AA?9?$AAl?$AA2?$AA?9?$AA1?$AA?9?$AA0?$AA?$AA@ 0000000140014720     libucrt:winapi_thunks.obj
 0002:00001760       ??_C@_1EO@IJIOEFOH@?$AAa?$AAp?$AAi?$AA?9?$AAm?$AAs?$AA?9?$AAw?$AAi?$AAn?$AA?9?$AAr?$AAt?$AAc?$AAo?$AAr?$AAe?$AA?9?$AAn?$AAt?$AAu?$AAs?$AAe?$AAr?$AA?9?$AAw?$AAi?$AAn?$AAd?$AAo?$AAw?$AA?9@ 0000000140014760     libucrt:winapi_thunks.obj
 0002:000017b0       ??_C@_1FG@HHGEKANL@?$AAa?$AAp?$AAi?$AA?9?$AAm?$AAs?$AA?9?$AAw?$AAi?$AAn?$AA?9?$AAs?$AAe?$AAc?$AAu?$AAr?$AAi?$AAt?$AAy?$AA?9?$AAs?$AAy?$AAs?$AAt?$AAe?$AAm?$AAf?$AAu?$AAn?$AAc?$AAt?$AAi@ 00000001400147b0     libucrt:winapi_thunks.obj
 0002:00001810       ??_C@_1EG@DBIOJECG@?$AAe?$AAx?$AAt?$AA?9?$AAm?$AAs?$AA?9?$AAw?$AAi?$AAn?$AA?9?$AAn?$AAt?$AAu?$AAs?$AAe?$AAr?$AA?9?$AAd?$AAi?$AAa?$AAl?$AAo?$AAg?$AAb?$AAo?$AAx?$AA?9?$AAl?$AA1?$AA?9?$AA1@ 0000000140014810     libucrt:winapi_thunks.obj
 0002:00001860       ??_C@_1EO@FIHMJCLF@?$AAe?$AAx?$AAt?$AA?9?$AAm?$AAs?$AA?9?$AAw?$AAi?$AAn?$AA?9?$AAn?$AAt?$AAu?$AAs?$AAe?$AAr?$AA?9?$AAw?$AAi?$AAn?$AAd?$AAo?$AAw?$AAs?$AAt?$AAa?$AAt?$AAi?$AAo?$AAn?$AA?9@ 0000000140014860     libucrt:winapi_thunks.obj
 0002:000018b0       ??_C@_1BC@DNHGCMLG@?$AAa?$AAd?$AAv?$AAa?$AAp?$AAi?$AA3?$AA2?$AA?$AA@ 00000001400148b0     libucrt:winapi_thunks.obj
 0002:000018c8       ??_C@_1BC@GDMECMAK@?$AAk?$AAe?$AAr?$AAn?$AAe?$AAl?$AA3?$AA2?$AA?$AA@ 00000001400148c8     libucrt:winapi_thunks.obj
 0002:000018e0       ??_C@_1M@OAIMIKLP@?$AAn?$AAt?$AAd?$AAl?$AAl?$AA?$AA@ 00000001400148e0     libucrt:winapi_thunks.obj
 0002:000018f0       ??_C@_1EG@DPGNFKGC@?$AAa?$AAp?$AAi?$AA?9?$AAm?$AAs?$AA?9?$AAw?$AAi?$AAn?$AA?9?$AAa?$AAp?$AAp?$AAm?$AAo?$AAd?$AAe?$AAl?$AA?9?$AAr?$AAu?$AAn?$AAt?$AAi?$AAm?$AAe?$AA?9?$AAl?$AA1?$AA?9?$AA1@ 00000001400148f0     libucrt:winapi_thunks.obj
 0002:00001938       ??_C@_1O@BCCLBEOE@?$AAu?$AAs?$AAe?$AAr?$AA3?$AA2?$AA?$AA@ 0000000140014938     libucrt:winapi_thunks.obj
 0002:00001948       ??_C@_1BA@PFFKHIOG@?$AAa?$AAp?$AAi?$AA?9?$AAm?$AAs?$AA?9?$AA?$AA@ 0000000140014948     libucrt:winapi_thunks.obj
 0002:00001958       ??_C@_1BA@IAIFMGEF@?$AAe?$AAx?$AAt?$AA?9?$AAm?$AAs?$AA?9?$AA?$AA@ 0000000140014958     libucrt:winapi_thunks.obj
 0002:00001970       ??_C@_0BA@FHFNEAED@AreFileApisANSI?$AA@ 0000000140014970     libucrt:winapi_thunks.obj
 0002:00001988       ??_C@_0BA@IHGNDAEB@CompareStringEx?$AA@ 0000000140014988     libucrt:winapi_thunks.obj
 0002:000019a0       ??_C@_08KNHFBNJ@FlsAlloc?$AA@ 00000001400149a0     libucrt:winapi_thunks.obj
 0002:000019b8       ??_C@_07PEJMOBNF@FlsFree?$AA@ 00000001400149b8     libucrt:winapi_thunks.obj
 0002:000019c8       ??_C@_0M@GDNOONDI@FlsGetValue?$AA@ 00000001400149c8     libucrt:winapi_thunks.obj
 0002:000019e0       ??_C@_0M@JCPCPOEF@FlsSetValue?$AA@ 00000001400149e0     libucrt:winapi_thunks.obj
 0002:000019f8       ??_C@_0BM@HCFOFFN@InitializeCriticalSectionEx?$AA@ 00000001400149f8     libucrt:winapi_thunks.obj
 0002:00001a20       ??_C@_0O@KKBNKAPF@LCMapStringEx?$AA@ 0000000140014a20     libucrt:winapi_thunks.obj
 0002:00001a38       ??_C@_0BB@HBDEELFH@LocaleNameToLCID?$AA@ 0000000140014a38     libucrt:winapi_thunks.obj
 0002:00001a50       ??_C@_0CF@OJOFEIGO@AppPolicyGetProcessTerminationMe@ 0000000140014a50     libucrt:winapi_thunks.obj
 0002:00001a78       ??_C@_03OEIAHPBN@INF?$AA@  0000000140014a78     libucrt:cvt.obj
 0002:00001a7c       ??_C@_03OJHLLCGB@inf?$AA@  0000000140014a7c     libucrt:cvt.obj
 0002:00001a80       ??_C@_03LKNCIKJB@NAN?$AA@  0000000140014a80     libucrt:cvt.obj
 0002:00001a84       ??_C@_03LHCJEHON@nan?$AA@  0000000140014a84     libucrt:cvt.obj
 0002:00001a88       ??_C@_09OFJJIMPC@NAN?$CISNAN?$CJ?$AA@ 0000000140014a88     libucrt:cvt.obj
 0002:00001a98       ??_C@_09IPFBKMDL@nan?$CIsnan?$CJ?$AA@ 0000000140014a98     libucrt:cvt.obj
 0002:00001aa8       ??_C@_08IKHNHAJ@NAN?$CIIND?$CJ?$AA@ 0000000140014aa8     libucrt:cvt.obj
 0002:00001ab8       ??_C@_08OFCDMILK@nan?$CIind?$CJ?$AA@ 0000000140014ab8     libucrt:cvt.obj
 0002:00001ac4       ??_C@_05KLBDPFGC@e?$CL000?$AA@ 0000000140014ac4     libucrt:cvt.obj
 0002:00001ad0       __lc_time_c                0000000140014ad0     libucrt:nlsdata.obj
 0002:00001d90       ??_C@_03KOEHGMDN@Sun?$AA@  0000000140014d90     libucrt:nlsdata.obj
 0002:00001d94       ??_C@_03PDAGKDH@Mon?$AA@   0000000140014d94     libucrt:nlsdata.obj
 0002:00001d98       ??_C@_03NAGEINEP@Tue?$AA@  0000000140014d98     libucrt:nlsdata.obj
 0002:00001d9c       ??_C@_03MHOMLAJA@Wed?$AA@  0000000140014d9c     libucrt:nlsdata.obj
 0002:00001da0       ??_C@_03IOFIKPDN@Thu?$AA@  0000000140014da0     libucrt:nlsdata.obj
 0002:00001da4       ??_C@_03IDIOELNC@Fri?$AA@  0000000140014da4     libucrt:nlsdata.obj
 0002:00001da8       ??_C@_03FEFJNEK@Sat?$AA@   0000000140014da8     libucrt:nlsdata.obj
 0002:00001dac       ??_C@_06OOPIFAJ@Sunday?$AA@ 0000000140014dac     libucrt:nlsdata.obj
 0002:00001db4       ??_C@_06JLEDEDGH@Monday?$AA@ 0000000140014db4     libucrt:nlsdata.obj
 0002:00001dc0       ??_C@_07BAAGCFCM@Tuesday?$AA@ 0000000140014dc0     libucrt:nlsdata.obj
 0002:00001dc8       ??_C@_09DLIGFAKA@Wednesday?$AA@ 0000000140014dc8     libucrt:nlsdata.obj
 0002:00001dd8       ??_C@_08HACCIKIA@Thursday?$AA@ 0000000140014dd8     libucrt:nlsdata.obj
 0002:00001de4       ??_C@_06JECMNKMI@Friday?$AA@ 0000000140014de4     libucrt:nlsdata.obj
 0002:00001df0       ??_C@_08INBOOONO@Saturday?$AA@ 0000000140014df0     libucrt:nlsdata.obj
 0002:00001dfc       ??_C@_03JIHJHPIE@Jan?$AA@  0000000140014dfc     libucrt:nlsdata.obj
 0002:00001e00       ??_C@_03HJBDCHOM@Feb?$AA@  0000000140014e00     libucrt:nlsdata.obj
 0002:00001e04       ??_C@_03ODNJBKGA@Mar?$AA@  0000000140014e04     libucrt:nlsdata.obj
 0002:00001e08       ??_C@_03LEOLGMJP@Apr?$AA@  0000000140014e08     libucrt:nlsdata.obj
 0002:00001e0c       ??_C@_03CNMDKL@May?$AA@    0000000140014e0c     libucrt:nlsdata.obj
 0002:00001e10       ??_C@_03IDFGHECI@Jun?$AA@  0000000140014e10     libucrt:nlsdata.obj
 0002:00001e14       ??_C@_03LBGABGKK@Jul?$AA@  0000000140014e14     libucrt:nlsdata.obj
 0002:00001e18       ??_C@_03IFJFEIGA@Aug?$AA@  0000000140014e18     libucrt:nlsdata.obj
 0002:00001e1c       ??_C@_03GGCAPAJC@Sep?$AA@  0000000140014e1c     libucrt:nlsdata.obj
 0002:00001e20       ??_C@_03BMAOKBAD@Oct?$AA@  0000000140014e20     libucrt:nlsdata.obj
 0002:00001e24       ??_C@_03JPJOFNIA@Nov?$AA@  0000000140014e24     libucrt:nlsdata.obj
 0002:00001e28       ??_C@_03MKABNOCG@Dec?$AA@  0000000140014e28     libucrt:nlsdata.obj
 0002:00001e30       ??_C@_07CGJPFGJA@January?$AA@ 0000000140014e30     libucrt:nlsdata.obj
 0002:00001e38       ??_C@_08GNJGEPFN@February?$AA@ 0000000140014e38     libucrt:nlsdata.obj
 0002:00001e44       ??_C@_05HPCKOFNC@March?$AA@ 0000000140014e44     libucrt:nlsdata.obj
 0002:00001e4c       ??_C@_05DMJDNLEJ@April?$AA@ 0000000140014e4c     libucrt:nlsdata.obj
 0002:00001e54       ??_C@_04CNLMGBGM@June?$AA@ 0000000140014e54     libucrt:nlsdata.obj
 0002:00001e5c       ??_C@_04MIEPOIFP@July?$AA@ 0000000140014e5c     libucrt:nlsdata.obj
 0002:00001e64       ??_C@_06LBBHFDDG@August?$AA@ 0000000140014e64     libucrt:nlsdata.obj
 0002:00001e70       ??_C@_09BHHEALKD@September?$AA@ 0000000140014e70     libucrt:nlsdata.obj
 0002:00001e80       ??_C@_07JJNFCEND@October?$AA@ 0000000140014e80     libucrt:nlsdata.obj
 0002:00001e88       ??_C@_08HCHEGEOA@November?$AA@ 0000000140014e88     libucrt:nlsdata.obj
 0002:00001e98       ??_C@_08EDHMEBNP@December?$AA@ 0000000140014e98     libucrt:nlsdata.obj
 0002:00001ea4       ??_C@_02DEDBPAFC@AM?$AA@   0000000140014ea4     libucrt:nlsdata.obj
 0002:00001ea8       ??_C@_02CJNFDJBF@PM?$AA@   0000000140014ea8     libucrt:nlsdata.obj
 0002:00001eb0       ??_C@_08BPBNCDIB@MM?1dd?1yy?$AA@ 0000000140014eb0     libucrt:nlsdata.obj
 0002:00001ec0       ??_C@_0BE@CKGJFCPC@dddd?0?5MMMM?5dd?0?5yyyy?$AA@ 0000000140014ec0     libucrt:nlsdata.obj
 0002:00001ed8       ??_C@_08JCCMCCIL@HH?3mm?3ss?$AA@ 0000000140014ed8     libucrt:nlsdata.obj
 0002:00001ee8       ??_C@_17MBGCMIPB@?$AAS?$AAu?$AAn?$AA?$AA@ 0000000140014ee8     libucrt:nlsdata.obj
 0002:00001ef0       ??_C@_17KBOMKBF@?$AAM?$AAo?$AAn?$AA?$AA@ 0000000140014ef0     libucrt:nlsdata.obj
 0002:00001ef8       ??_C@_17BMKGEGOJ@?$AAT?$AAu?$AAe?$AA?$AA@ 0000000140014ef8     libucrt:nlsdata.obj
 0002:00001f00       ??_C@_17CJEDCEPE@?$AAW?$AAe?$AAd?$AA?$AA@ 0000000140014f00     libucrt:nlsdata.obj
 0002:00001f08       ??_C@_17PDPHAADD@?$AAT?$AAh?$AAu?$AA?$AA@ 0000000140014f08     libucrt:nlsdata.obj
 0002:00001f10       ??_C@_17HFOLPPLP@?$AAF?$AAr?$AAi?$AA?$AA@ 0000000140014f10     libucrt:nlsdata.obj
 0002:00001f18       ??_C@_17GGIBDPIH@?$AAS?$AAa?$AAt?$AA?$AA@ 0000000140014f18     libucrt:nlsdata.obj
 0002:00001f20       ??_C@_1O@IHNHDHPB@?$AAS?$AAu?$AAn?$AAd?$AAa?$AAy?$AA?$AA@ 0000000140014f20     libucrt:nlsdata.obj
 0002:00001f30       ??_C@_1O@MMNBFLIA@?$AAM?$AAo?$AAn?$AAd?$AAa?$AAy?$AA?$AA@ 0000000140014f30     libucrt:nlsdata.obj
 0002:00001f40       ??_C@_1BA@ENFBFFEK@?$AAT?$AAu?$AAe?$AAs?$AAd?$AAa?$AAy?$AA?$AA@ 0000000140014f40     libucrt:nlsdata.obj
 0002:00001f50       ??_C@_1BE@EBOGMDOH@?$AAW?$AAe?$AAd?$AAn?$AAe?$AAs?$AAd?$AAa?$AAy?$AA?$AA@ 0000000140014f50     libucrt:nlsdata.obj
 0002:00001f68       ??_C@_1BC@HHMNLIHE@?$AAT?$AAh?$AAu?$AAr?$AAs?$AAd?$AAa?$AAy?$AA?$AA@ 0000000140014f68     libucrt:nlsdata.obj
 0002:00001f80       ??_C@_1O@PDICJHAG@?$AAF?$AAr?$AAi?$AAd?$AAa?$AAy?$AA?$AA@ 0000000140014f80     libucrt:nlsdata.obj
 0002:00001f90       ??_C@_1BC@ENMNNPAJ@?$AAS?$AAa?$AAt?$AAu?$AAr?$AAd?$AAa?$AAy?$AA?$AA@ 0000000140014f90     libucrt:nlsdata.obj
 0002:00001fa8       ??_C@_17DKNBKCHM@?$AAJ?$AAa?$AAn?$AA?$AA@ 0000000140014fa8     libucrt:nlsdata.obj
 0002:00001fb0       ??_C@_17LMDJEKJN@?$AAF?$AAe?$AAb?$AA?$AA@ 0000000140014fb0     libucrt:nlsdata.obj
 0002:00001fb8       ??_C@_17CKNLEDEC@?$AAM?$AAa?$AAr?$AA?$AA@ 0000000140014fb8     libucrt:nlsdata.obj
 0002:00001fc0       ??_C@_17LFPOIHDD@?$AAA?$AAp?$AAr?$AA?$AA@ 0000000140014fc0     libucrt:nlsdata.obj
 0002:00001fc8       ??_C@_17PNNKMEED@?$AAM?$AAa?$AAy?$AA?$AA@ 0000000140014fc8     libucrt:nlsdata.obj
 0002:00001fd0       ??_C@_17KCJGOCPB@?$AAJ?$AAu?$AAn?$AA?$AA@ 0000000140014fd0     libucrt:nlsdata.obj
 0002:00001fd8       ??_C@_17IJPCKHK@?$AAJ?$AAu?$AAl?$AA?$AA@ 0000000140014fd8     libucrt:nlsdata.obj
 0002:00001fe0       ??_C@_17ICPELBCN@?$AAA?$AAu?$AAg?$AA?$AA@ 0000000140014fe0     libucrt:nlsdata.obj
 0002:00001fe8       ??_C@_17HCHCOKMG@?$AAS?$AAe?$AAp?$AA?$AA@ 0000000140014fe8     libucrt:nlsdata.obj
 0002:00001ff0       ??_C@_17FNLKOI@?$AAO?$AAc?$AAt?$AA?$AA@ 0000000140014ff0     libucrt:nlsdata.obj
 0002:00001ff8       ??_C@_17BBDMLCIG@?$AAN?$AAo?$AAv?$AA?$AA@ 0000000140014ff8     libucrt:nlsdata.obj
 0002:00002000       ??_C@_17EGKACKIF@?$AAD?$AAe?$AAc?$AA?$AA@ 0000000140015000     libucrt:nlsdata.obj
 0002:00002008       ??_C@_1BA@EFMEIEBA@?$AAJ?$AAa?$AAn?$AAu?$AAa?$AAr?$AAy?$AA?$AA@ 0000000140015008     libucrt:nlsdata.obj
 0002:00002018       ??_C@_1BC@JGDDFFAM@?$AAF?$AAe?$AAb?$AAr?$AAu?$AAa?$AAr?$AAy?$AA?$AA@ 0000000140015018     libucrt:nlsdata.obj
 0002:00002030       ??_C@_1M@IKEENEDF@?$AAM?$AAa?$AAr?$AAc?$AAh?$AA?$AA@ 0000000140015030     libucrt:nlsdata.obj
 0002:00002040       ??_C@_1M@GJNLMHFD@?$AAA?$AAp?$AAr?$AAi?$AAl?$AA?$AA@ 0000000140015040     libucrt:nlsdata.obj
 0002:00002050       ??_C@_19EPFLPGAP@?$AAJ?$AAu?$AAn?$AAe?$AA?$AA@ 0000000140015050     libucrt:nlsdata.obj
 0002:00002060       ??_C@_19BIFMLPCD@?$AAJ?$AAu?$AAl?$AAy?$AA?$AA@ 0000000140015060     libucrt:nlsdata.obj
 0002:00002070       ??_C@_1O@PAHLKOAC@?$AAA?$AAu?$AAg?$AAu?$AAs?$AAt?$AA?$AA@ 0000000140015070     libucrt:nlsdata.obj
 0002:00002080       ??_C@_1BE@DKAAMBJL@?$AAS?$AAe?$AAp?$AAt?$AAe?$AAm?$AAb?$AAe?$AAr?$AA?$AA@ 0000000140015080     libucrt:nlsdata.obj
 0002:00002098       ??_C@_1BA@EPANDLNG@?$AAO?$AAc?$AAt?$AAo?$AAb?$AAe?$AAr?$AA?$AA@ 0000000140015098     libucrt:nlsdata.obj
 0002:000020a8       ??_C@_1BC@BGLIFPF@?$AAN?$AAo?$AAv?$AAe?$AAm?$AAb?$AAe?$AAr?$AA?$AA@ 00000001400150a8     libucrt:nlsdata.obj
 0002:000020c0       ??_C@_1BC@FEMKIFH@?$AAD?$AAe?$AAc?$AAe?$AAm?$AAb?$AAe?$AAr?$AA?$AA@ 00000001400150c0     libucrt:nlsdata.obj
 0002:000020d4       ??_C@_15ODEHAHHF@?$AAA?$AAM?$AA?$AA@ 00000001400150d4     libucrt:nlsdata.obj
 0002:000020dc       ??_C@_15CLMNNGEL@?$AAP?$AAM?$AA?$AA@ 00000001400150dc     libucrt:nlsdata.obj
 0002:000020e8       ??_C@_1BC@IEBCMHCM@?$AAM?$AAM?$AA?1?$AAd?$AAd?$AA?1?$AAy?$AAy?$AA?$AA@ 00000001400150e8     libucrt:nlsdata.obj
 0002:00002100       ??_C@_1CI@KNAKOEBC@?$AAd?$AAd?$AAd?$AAd?$AA?0?$AA?5?$AAM?$AAM?$AAM?$AAM?$AA?5?$AAd?$AAd?$AA?0?$AA?5?$AAy?$AAy?$AAy?$AAy?$AA?$AA@ 0000000140015100     libucrt:nlsdata.obj
 0002:00002128       ??_C@_1BC@GDGBMEMK@?$AAH?$AAH?$AA?3?$AAm?$AAm?$AA?3?$AAs?$AAs?$AA?$AA@ 0000000140015128     libucrt:nlsdata.obj
 0002:00002140       ??_C@_1M@BMHNFIME@?$AAe?$AAn?$AA?9?$AAU?$AAS?$AA?$AA@ 0000000140015140     libucrt:nlsdata.obj
 0002:00002170       ??_C@_1M@HPNHIDJI@?$AAj?$AAa?$AA?9?$AAJ?$AAP?$AA?$AA@ 0000000140015170     libucrt:mbctype.obj
 0002:00002180       ??_C@_1M@BIBDDEMK@?$AAz?$AAh?$AA?9?$AAC?$AAN?$AA?$AA@ 0000000140015180     libucrt:mbctype.obj
 0002:00002190       ??_C@_1M@JLOOOEGK@?$AAk?$AAo?$AA?9?$AAK?$AAR?$AA?$AA@ 0000000140015190     libucrt:mbctype.obj
 0002:000021a0       ??_C@_1M@CLNBBOPM@?$AAz?$AAh?$AA?9?$AAT?$AAW?$AA?$AA@ 00000001400151a0     libucrt:mbctype.obj
 0002:000021b0       __newctype                 00000001400151b0     libucrt:ctype.obj
 0002:000024b0       __newclmap                 00000001400154b0     libucrt:ctype.obj
 0002:00002630       __newcumap                 0000000140015630     libucrt:ctype.obj
 0002:000027b0       ??_C@_15PJPFLCCM@?$AAu?$AAk?$AA?$AA@ 00000001400157b0     libucrt:get_qualified_locale.obj
 0002:00003600       ??_C@_15EMKDOKLE@?$AAa?$AAr?$AA?$AA@ 0000000140016600     libucrt:lcidtoname_downlevel.obj
 0002:00003608       ??_C@_15KNPADPLH@?$AAb?$AAg?$AA?$AA@ 0000000140016608     libucrt:lcidtoname_downlevel.obj
 0002:00003610       ??_C@_15EDMHLDMO@?$AAc?$AAa?$AA?$AA@ 0000000140016610     libucrt:lcidtoname_downlevel.obj
 0002:00003618       ??_C@_1O@BPEAJADD@?$AAz?$AAh?$AA?9?$AAC?$AAH?$AAS?$AA?$AA@ 0000000140016618     libucrt:lcidtoname_downlevel.obj
 0002:00003628       ??_C@_15LJNHCMNK@?$AAc?$AAs?$AA?$AA@ 0000000140016628     libucrt:lcidtoname_downlevel.obj
 0002:00003630       ??_C@_15FOMCIDHG@?$AAd?$AAa?$AA?$AA@ 0000000140016630     libucrt:lcidtoname_downlevel.obj
 0002:00003638       ??_C@_15NBKABECB@?$AAd?$AAe?$AA?$AA@ 0000000140016638     libucrt:lcidtoname_downlevel.obj
 0002:00003640       ??_C@_15GHPEIIAO@?$AAe?$AAl?$AA?$AA@ 0000000140016640     libucrt:lcidtoname_downlevel.obj
 0002:00003648       ??_C@_15MNPNEAIF@?$AAe?$AAn?$AA?$AA@ 0000000140016648     libucrt:lcidtoname_downlevel.obj
 0002:00003650       ??_C@_15GPIOMPMH@?$AAe?$AAs?$AA?$AA@ 0000000140016650     libucrt:lcidtoname_downlevel.obj
 0002:00003658       ??_C@_15NGLOAKJC@?$AAf?$AAi?$AA?$AA@ 0000000140016658     libucrt:lcidtoname_downlevel.obj
 0002:00003660       ??_C@_15FBKGNKAM@?$AAf?$AAr?$AA?$AA@ 0000000140016660     libucrt:lcidtoname_downlevel.obj
 0002:00003668       ??_C@_15KGGCNEFK@?$AAh?$AAe?$AA?$AA@ 0000000140016668     libucrt:lcidtoname_downlevel.obj
 0002:00003670       ??_C@_15PGHLIDMF@?$AAh?$AAu?$AA?$AA@ 0000000140016670     libucrt:lcidtoname_downlevel.obj
 0002:00003678       ??_C@_15BIEMAPLM@?$AAi?$AAs?$AA?$AA@ 0000000140016678     libucrt:lcidtoname_downlevel.obj
 0002:00003680       ??_C@_15IFJLDHAF@?$AAi?$AAt?$AA?$AA@ 0000000140016680     libucrt:lcidtoname_downlevel.obj
 0002:00003688       ??_C@_15GEMIOCAG@?$AAj?$AAa?$AA?$AA@ 0000000140016688     libucrt:lcidtoname_downlevel.obj
 0002:00003690       ??_C@_15EPELEGJA@?$AAk?$AAo?$AA?$AA@ 0000000140016690     libucrt:lcidtoname_downlevel.obj
 0002:00003698       ??_C@_15NDDHIMN@?$AAn?$AAl?$AA?$AA@ 0000000140016698     libucrt:lcidtoname_downlevel.obj
 0002:000036a0       ??_C@_15BPIGNHCD@?$AAn?$AAo?$AA?$AA@ 00000001400166a0     libucrt:lcidtoname_downlevel.obj
 0002:000036a8       ??_C@_15DEOPBLCG@?$AAp?$AAl?$AA?$AA@ 00000001400166a8     libucrt:lcidtoname_downlevel.obj
 0002:000036b0       ??_C@_15KBECGEFG@?$AAp?$AAt?$AA?$AA@ 00000001400166b0     libucrt:lcidtoname_downlevel.obj
 0002:000036b8       ??_C@_15GLJCBFMD@?$AAr?$AAo?$AA?$AA@ 00000001400166b8     libucrt:lcidtoname_downlevel.obj
[...]
 0004:00000924       $pdata$??$?RV<lambda_aa87e3671a710a21b5dc78c0bdf72e11>@@AEAV<lambda_92619d2358a28f41a33ba319515a20b9>@@V<lambda_6992ecaafeb10aed2b74cb1fae11a551>@@@?$__crt_seh_guarded_call@X@@QEAAX$$QEAV<lambda_aa87e3671a710a21b5dc78c0bdf72e11>@@AEAV<lambda_92619d2358a28f41a33ba319515a20b9>@@$$QEAV<lambda_6992ecaafeb10aed2b74cb1fae11a551>@@@Z 000000014001f924     libucrt:per_thread_data.obj
 0004:00000930       $pdata$??$?RV<lambda_f2e299630e499de9f9a165e60fcd3db5>@@AEAV<lambda_2ae9d31cdba2644fcbeaf08da7c24588>@@V<lambda_40d01ff24d0e7b3814fdbdcee8eab3c7>@@@?$__crt_seh_guarded_call@X@@QEAAX$$QEAV<lambda_f2e299630e499de9f9a165e60fcd3db5>@@AEAV<lambda_2ae9d31cdba2644fcbeaf08da7c24588>@@$$QEAV<lambda_40d01ff24d0e7b3814fdbdcee8eab3c7>@@@Z 000000014001f930     libucrt:per_thread_data.obj
 0004:0000093c       $pdata$??$?RV<lambda_2d41944a1d46af3157314b8a01080d33>@@AEAV<lambda_8f455de75cd7d7f24b4096f044d8b9e6>@@V<lambda_aa500f224e6afead328df44964fe2772>@@@?$__crt_seh_guarded_call@X@@QEAAX$$QEAV<lambda_2d41944a1d46af3157314b8a01080d33>@@AEAV<lambda_8f455de75cd7d7f24b4096f044d8b9e6>@@$$QEAV<lambda_aa500f224e6afead328df44964fe2772>@@@Z 000000014001f93c     libucrt:per_thread_data.obj
 0004:00000948       $pdata$__acrt_update_locale_info 000000014001f948     libucrt:locale_update.obj
 0004:00000954       $pdata$__acrt_update_multibyte_info 000000014001f954     libucrt:locale_update.obj
 0004:00000960       $pdata$__acrt_fp_format    000000014001f960     libucrt:cvt.obj
 0004:0000096c       $pdata$?fp_format_nan_or_infinity@@YAHW4__acrt_fp_class@@_NPEAD_K1@Z 000000014001f96c     libucrt:cvt.obj
 0004:00000978       $pdata$?fp_format_e_internal@@YAHQEAD_KH_NIQEAU_strflt@@2QEAU__crt_locale_pointers@@@Z 000000014001f978     libucrt:cvt.obj
 0004:00000984       $pdata$?fp_format_e@@YAHQEBNQEAD_K12H_NIQEAU__crt_locale_pointers@@@Z 000000014001f984     libucrt:cvt.obj
 0004:00000990       $pdata$?fp_format_a@@YAHQEBNPEAD_KQEAD2H_NIQEAU__crt_locale_pointers@@@Z 000000014001f990     libucrt:cvt.obj
 0004:0000099c       $pdata$?fp_format_f_internal@@YAHQEAD_KHQEAU_strflt@@_NQEAU__crt_locale_pointers@@@Z 000000014001f99c     libucrt:cvt.obj
 0004:000009a8       $pdata$?fp_format_g@@YAHQEBNQEAD_K12H_NIQEAU__crt_locale_pointers@@@Z 000000014001f9a8     libucrt:cvt.obj
 0004:000009b4       $pdata$_fileno             000000014001f9b4     libucrt:fileno.obj
 0004:000009c0       $pdata$__acrt_stdio_begin_temporary_buffering_nolock 000000014001f9c0     libucrt:_sftbuf.obj
 0004:000009cc       $pdata$__acrt_stdio_end_temporary_buffering_nolock 000000014001f9cc     libucrt:_sftbuf.obj
 0004:000009d8       $pdata$??$__acrt_mbs_to_wcs_cp@U__crt_win32_buffer_internal_dynamic_resizing@@@@YAHQEBDAEAV?$__crt_win32_buffer@_WU__crt_win32_buffer_internal_dynamic_resizing@@@@I@Z 000000014001f9d8     libucrt:argv_wildcards.obj
 0004:000009e4       $pdata$??$__acrt_wcs_to_mbs_cp@U__crt_win32_buffer_internal_dynamic_resizing@@@@YAHQEB_WAEAV?$__crt_win32_buffer@DU__crt_win32_buffer_internal_dynamic_resizing@@@@I@Z 000000014001f9e4     libucrt:argv_wildcards.obj
 0004:000009f0       $pdata$??$common_expand_argv_wildcards@D@@YAHQEAPEADQEAPEAPEAD@Z 000000014001f9f0     libucrt:argv_wildcards.obj
 0004:000009fc       $pdata$??$copy_and_add_argument_to_buffer@D@@YAHQEBD0_KAEAV?$argument_list@D@?A0x5f5c8891@@@Z 000000014001f9fc     libucrt:argv_wildcards.obj
 0004:00000a08       $pdata$??$expand_argument_wildcards@D@@YAHQEAD0AEAV?$argument_list@D@?A0x5f5c8891@@@Z 000000014001fa08     libucrt:argv_wildcards.obj
 0004:00000a14       $pdata$__acrt_GetModuleFileNameA 000000014001fa14     libucrt:getmodulefilenamea.obj
 0004:00000a20       $pdata$??$__acrt_wcs_to_mbs_cp@U__crt_win32_buffer_no_resizing@@@@YAHQEB_WAEAV?$__crt_win32_buffer@DU__crt_win32_buffer_no_resizing@@@@I@Z 000000014001fa20     libucrt:getmodulefilenamea.obj
 0004:00000a2c       $pdata$__acrt_update_thread_multibyte_data 000000014001fa2c     libucrt:mbctype.obj
 0004:00000a38       $pdata$__acrt_initialize_multibyte 000000014001fa38     libucrt:mbctype.obj
 0004:00000a44       $pdata$_setmbcp_nolock     000000014001fa44     libucrt:mbctype.obj
 0004:00000a50       $pdata$?getSystemCP@@YAHH@Z 000000014001fa50     libucrt:mbctype.obj
 0004:00000a5c       $pdata$?setSBCS@@YAXPEAU__crt_multibyte_data@@@Z 000000014001fa5c     libucrt:mbctype.obj
 0004:00000a68       $pdata$?update_thread_multibyte_data_internal@@YAPEAU__crt_multibyte_data@@QEAU__acrt_ptd@@QEAPEAU1@@Z 000000014001fa68     libucrt:mbctype.obj
 0004:00000a74       $pdata$?fin$0@?0??update_thread_multibyte_data_internal@@YAPEAU__crt_multibyte_data@@QEAU__acrt_ptd@@QEAPEAU1@@Z@4HA 000000014001fa74     libucrt:mbctype.obj
 0004:00000a80       $pdata$?setmbcp_internal@@YAHH_NQEAU__acrt_ptd@@QEAPEAU__crt_multibyte_data@@@Z 000000014001fa80     libucrt:mbctype.obj
 0004:00000a8c       $pdata$?setSBUpLow@@YAXPEAU__crt_multibyte_data@@@Z 000000014001fa8c     libucrt:mbctype.obj
 0004:00000a98       $pdata$??$?RV<lambda_efdfa57d1f175319df784efa44bb7b81>@@AEAV<lambda_5f0a4c1567f8adc6734073e5d1e1b35c>@@V<lambda_2e8a7d3640ea6ccb4c2413664c2db6fd>@@@?$__crt_seh_guarded_call@X@@QEAAX$$QEAV<lambda_efdfa57d1f175319df784efa44bb7b81>@@AEAV<lambda_5f0a4c1567f8adc6734073e5d1e1b35c>@@$$QEAV<lambda_2e8a7d3640ea6ccb4c2413664c2db6fd>@@@Z 000000014001fa98     libucrt:mbctype.obj
 0004:00000aa4       $pdata$?x_ismbbtype_l@@YAHPEAU__crt_locale_pointers@@IHH@Z 000000014001faa4     libucrt:ismbbyte.obj
 0004:00000ab0       $pdata$__acrt_WideCharToMultiByte 000000014001fab0     libucrt:widechartomultibyte.obj
 0004:00000abc       $pdata$__dcrt_get_narrow_environment_from_os 000000014001fabc     libucrt:get_environment_from_os.obj
 0004:00000ac8       $pdata$??$common_set_variable_in_environment_nolock@D@@YAHQEADH@Z 000000014001fac8     libucrt:setenv.obj
 0004:00000ad4       $pdata$??$copy_environment@D@@YAPEAPEADQEAPEAD@Z 000000014001fad4     libucrt:setenv.obj
 0004:00000ae0       $pdata$__acrt_initialize_locks 000000014001fae0     libucrt:locks.obj
 0004:00000aec       $pdata$__acrt_uninitialize_locks 000000014001faec     libucrt:locks.obj
 0004:00000af8       $pdata$__acrt_get_process_end_policy 000000014001faf8     libucrt:win_policies.obj
 0004:00000b04       $pdata$_get_osfhandle      000000014001fb04     libucrt:osfinfo.obj
 0004:00000b10       $pdata$_free_osfhnd        000000014001fb10     libucrt:osfinfo.obj
 0004:00000b1c       $pdata$__acrt_lowio_create_handle_array 000000014001fb1c     libucrt:osfinfo.obj
 0004:00000b28       $pdata$__acrt_lowio_destroy_handle_array 000000014001fb28     libucrt:osfinfo.obj
 0004:00000b34       $pdata$__acrt_lowio_ensure_fh_exists 000000014001fb34     libucrt:osfinfo.obj
 0004:00000b40       $pdata$__acrt_locale_free_monetary 000000014001fb40     libucrt:initmon.obj
 0004:00000b4c       $pdata$__acrt_locale_free_numeric 000000014001fb4c     libucrt:initnum.obj
 0004:00000b58       $pdata$__acrt_locale_free_time 000000014001fb58     libucrt:inittime.obj
 0004:00000b64       $pdata$?free_crt_array_internal@@YAXQEAPEBX_K@Z 000000014001fb64     libucrt:inittime.obj
 0004:00000b70       $pdata$__pctype_func       000000014001fb70     libucrt:ctype.obj
 0004:00000b7c       $pdata$__acrt_GetStringTypeA 000000014001fb7c     libucrt:getstringtypea.obj
 0004:00000b88       $pdata$__acrt_release_locale_ref 000000014001fb88     libucrt:locale_refcounting.obj
 0004:00000b94       $pdata$__acrt_free_locale  000000014001fb94     libucrt:locale_refcounting.obj
 0004:00000ba0       $pdata$__acrt_locale_free_lc_time_if_unreferenced 000000014001fba0     libucrt:locale_refcounting.obj
 0004:00000bac       $pdata$__acrt_update_thread_locale_data 000000014001fbac     libucrt:locale_refcounting.obj
 0004:00000bb8       $pdata$__acrt_update_thread_locale_data$fin$0 000000014001fbb8     libucrt:locale_refcounting.obj
 0004:00000bc4       $pdata$_updatetlocinfoEx_nolock 000000014001fbc4     libucrt:locale_refcounting.obj
 0004:00000bd0       $pdata$_recalloc_base      000000014001fbd0     libucrt:recalloc.obj
 0004:00000bdc       $pdata$__acrt_initialize_heap 000000014001fbdc     libucrt:heap_handle.obj
 0004:00000be8       $pdata$__acrt_execute_initializers 000000014001fbe8     libucrt:shared_initialization.obj
 0004:00000bf4       $pdata$__acrt_execute_uninitializers 000000014001fbf4     libucrt:shared_initialization.obj
 0004:00000c00       $pdata$_callnewh           000000014001fc00     libucrt:new_handler.obj
 0004:00000c0c       $pdata$_query_new_handler  000000014001fc0c     libucrt:new_handler.obj
 0004:00000c18       $pdata$_query_new_handler$fin$0 000000014001fc18     libucrt:new_handler.obj
 0004:00000c24       $pdata$__acrt_get_sigabrt_handler 000000014001fc24     libucrt:signal.obj
 0004:00000c30       $pdata$raise               000000014001fc30     libucrt:signal.obj
 0004:00000c3c       $pdata$raise$fin$0         000000014001fc3c     libucrt:signal.obj
 0004:00000c48       $pdata$??$?RV<lambda_450d765d439847d4c735a33c368b5fc0>@@AEAV<lambda_44731a7d0e6d81c3e6aa82d741081786>@@V<lambda_601a2a7da3b7a96e9554ac7215c4b07c>@@@?$__crt_seh_guarded_call@P6AXH@Z@@QEAAP6AXH@Z$$QEAV<lambda_450d765d439847d4c735a33c368b5fc0>@@AEAV<lambda_44731a7d0e6d81c3e6aa82d741081786>@@$$QEAV<lambda_601a2a7da3b7a96e9554ac7215c4b07c>@@@Z 000000014001fc48     libucrt:signal.obj
 0004:00000c54       $pdata$_isctype_l          000000014001fc54     libucrt:isctype.obj
 0004:00000c60       $pdata$__acrt_DownlevelLocaleNameToLCID 000000014001fc60     libucrt:lcidtoname_downlevel.obj
 0004:00000c6c       $pdata$?GetTableIndexFromLocaleName@@YAHPEB_W@Z 000000014001fc6c     libucrt:lcidtoname_downlevel.obj
 0004:00000c78       $pdata$fclose              000000014001fc78     libucrt:fclose.obj
 0004:00000c84       $pdata$fclose$fin$0        000000014001fc84     libucrt:fclose.obj
 0004:00000c90       $pdata$_fclose_nolock      000000014001fc90     libucrt:fclose.obj
 0004:00000c9c       $pdata$_commit             000000014001fc9c     libucrt:commit.obj
 0004:00000ca8       $pdata$??$?RV<lambda_a37b2b86f63e897a80ea819b0eb08c01>@@AEAV<lambda_38ce7e780aa69e748d6df282ebc68efe>@@V<lambda_99fb1378e971ab6e7edea83e3a7a83a2>@@@?$__crt_seh_guarded_call@H@@QEAAH$$QEAV<lambda_a37b2b86f63e897a80ea819b0eb08c01>@@AEAV<lambda_38ce7e780aa69e748d6df282ebc68efe>@@$$QEAV<lambda_99fb1378e971ab6e7edea83e3a7a83a2>@@@Z 000000014001fca8     libucrt:commit.obj
 0004:00000cb4       $pdata$?fin$0@?0???$?RV<lambda_751a882b2c74d4b022dec766aa51a29a>@@AEAV<lambda_628dfdc04ba53c8bfc02c9951375f3f5>@@V<lambda_f6c7be5f7998530c34de24c7437d6b54>@@@?$__crt_seh_guarded_call@H@@QEAAH$$QEAV<lambda_751a882b2c74d4b022dec766aa51a29a>@@AEAV<lambda_628dfdc04ba53c8bfc02c9951375f3f5>@@$$QEAV<lambda_f6c7be5f7998530c34de24c7437d6b54>@@@Z@4HA 000000014001fcb4     libucrt:close.obj
 0004:00000cb4       $pdata$?fin$0@?0???$?RV<lambda_a37b2b86f63e897a80ea819b0eb08c01>@@AEAV<lambda_38ce7e780aa69e748d6df282ebc68efe>@@V<lambda_99fb1378e971ab6e7edea83e3a7a83a2>@@@?$__crt_seh_guarded_call@H@@QEAAH$$QEAV<lambda_a37b2b86f63e897a80ea819b0eb08c01>@@AEAV<lambda_38ce7e780aa69e748d6df282ebc68efe>@@$$QEAV<lambda_99fb1378e971ab6e7edea83e3a7a83a2>@@@Z@4HA 000000014001fcb4     libucrt:commit.obj
 0004:00000cc0       $pdata$_write              000000014001fcc0     libucrt:write.obj
 0004:00000ccc       $pdata$_write$fin$0        000000014001fccc     libucrt:write.obj
 0004:00000ccc       $pdata$?fin$0@?0???$common_lseek@_J@@YA_JH_JH@Z@4HA 000000014001fccc     libucrt:lseek.obj
 0004:00000cd8       $pdata$_write_nolock       000000014001fcd8     libucrt:write.obj
 0004:00000ce4       $pdata$?write_double_translated_ansi_nolock@@YA?AUwrite_result@?A0x17268360@@HQEBDI@Z 000000014001fce4     libucrt:write.obj
 0004:00000cf0       $pdata$?write_text_ansi_nolock@@YA?AUwrite_result@?A0x17268360@@HQEBDI@Z 000000014001fcf0     libucrt:write.obj
 0004:00000cfc       $pdata$?write_text_utf16le_nolock@@YA?AUwrite_result@?A0x17268360@@HQEBDI@Z 000000014001fcfc     libucrt:write.obj
 0004:00000d08       $pdata$?write_text_utf8_nolock@@YA?AUwrite_result@?A0x17268360@@HQEBDI@Z 000000014001fd08     libucrt:write.obj
 0004:00000d14       $pdata$_isleadbyte_l       000000014001fd14     libucrt:_wctype.obj
 0004:00000d20       $pdata$__acrt_LCMapStringA 000000014001fd20     libucrt:lcmapstringa.obj
 0004:00000d2c       $pdata$?__acrt_LCMapStringA_stat@@YAHPEAU__crt_locale_pointers@@PEB_WKPEBDHPEADHHH@Z 000000014001fd2c     libucrt:lcmapstringa.obj
 0004:00000d38       $pdata$?__mbrtowc_utf8@__crt_mbstring@@YA_KPEA_WPEBD_KPEAU_Mbstatet@@@Z 000000014001fd38     libucrt:mbrtowc.obj
 0004:00000d44       $pdata$?__mbsrtowcs_utf8@__crt_mbstring@@YA_KPEA_WPEAPEBD_KPEAU_Mbstatet@@@Z 000000014001fd44     libucrt:mbrtowc.obj
 0004:00000d50       $pdata$?__c32rtomb_utf8@__crt_mbstring@@YA_KPEAD_UPEAU_Mbstatet@@@Z 000000014001fd50     libucrt:c32rtomb.obj
 0004:00000d5c       $pdata$__acrt_fp_strflt_to_string 000000014001fd5c     libucrt:_fptostr.obj
 0004:00000d68       $pdata$memcpy_s            000000014001fd68     libucrt:cfout.obj
 0004:00000d74       $pdata$__acrt_fltout       000000014001fd74     libucrt:cfout.obj
 0004:00000d80       $pdata$?divide@__crt_strtox@@YA_KAEAUbig_integer@1@AEBU21@@Z 000000014001fd80     libucrt:cfout.obj
 0004:00000d8c       $pdata$0$?divide@__crt_strtox@@YA_KAEAUbig_integer@1@AEBU21@@Z 000000014001fd8c     libucrt:cfout.obj
 0004:00000d98       $pdata$1$?divide@__crt_strtox@@YA_KAEAUbig_integer@1@AEBU21@@Z 000000014001fd98     libucrt:cfout.obj
 0004:00000da4       $pdata$__acrt_stdio_flush_and_write_narrow_nolock 000000014001fda4     libucrt:_flsbuf.obj
 0004:00000db0       $pdata$?stream_is_at_end_of_file_nolock@@YA_NV__crt_stdio_stream@@@Z 000000014001fdb0     libucrt:_flsbuf.obj
 0004:00000dbc       $pdata$??$write_buffer_nolock@D@@YA_NDV__crt_stdio_stream@@@Z 000000014001fdbc     libucrt:_flsbuf.obj
 0004:00000dc8       $pdata$_isatty             000000014001fdc8     libucrt:isatty.obj
 0004:00000dd4       $pdata$qsort               000000014001fdd4     libucrt:qsort.obj
 0004:00000de0       $pdata$4$qsort             000000014001fde0     libucrt:qsort.obj
 0004:00000dec       $pdata$5$qsort             000000014001fdec     libucrt:qsort.obj
 0004:00000df8       $pdata$strncpy_s           000000014001fdf8     libucrt:strncpy_s.obj
 0004:00000e04       $pdata$strpbrk             000000014001fe04     libucrt:strpbrk.obj
 0004:00000e10       $pdata$fallbackMethod      000000014001fe10     libucrt:strpbrk.obj
 0004:00000e1c       $pdata$_mbsdec_l           000000014001fe1c     libucrt:mbsdec.obj
 0004:00000e28       $pdata$?initialize_multibyte@@YAHXZ 000000014001fe28     libucrt:multibyte_initializer.obj
 0004:00000e34       $pdata$_strnicoll_l        000000014001fe34     libucrt:strnicol.obj
 0004:00000e40       $pdata$__acrt_SetEnvironmentVariableA 000000014001fe40     libucrt:setenvironmentvariablea.obj
 0004:00000e4c       $pdata$_msize_base         000000014001fe4c     libucrt:msize.obj
 0004:00000e58       $pdata$_realloc_base       000000014001fe58     libucrt:realloc_base.obj
 0004:00000e64       $pdata$_close              000000014001fe64     libucrt:close.obj
 0004:00000e70       $pdata$_close_nolock       000000014001fe70     libucrt:close.obj
 0004:00000e7c       $pdata$??$?RV<lambda_751a882b2c74d4b022dec766aa51a29a>@@AEAV<lambda_628dfdc04ba53c8bfc02c9951375f3f5>@@V<lambda_f6c7be5f7998530c34de24c7437d6b54>@@@?$__crt_seh_guarded_call@H@@QEAAH$$QEAV<lambda_751a882b2c74d4b022dec766aa51a29a>@@AEAV<lambda_628dfdc04ba53c8bfc02c9951375f3f5>@@$$QEAV<lambda_f6c7be5f7998530c34de24c7437d6b54>@@@Z 000000014001fe7c     libucrt:close.obj
 0004:00000e88       $pdata$??$common_lseek@_J@@YA_JH_JH@Z 000000014001fe88     libucrt:lseek.obj
 0004:00000e94       $pdata$??$common_lseek_nolock@_J@@YA_JH_JH@Z 000000014001fe94     libucrt:lseek.obj
 0004:00000ea0       $pdata$_putwch_nolock      000000014001fea0     libucrt:putwch.obj
 0004:00000eac       $pdata$?__mbrtoc32_utf8@__crt_mbstring@@YA_KPEA_UPEBD_KPEAU_Mbstatet@@@Z 000000014001feac     libucrt:mbrtoc32.obj
 0004:00000eb8       $pdata$fegetenv            000000014001feb8     libucrt:fegetenv.obj
 0004:00000ec4       $pdata$fesetenv            000000014001fec4     libucrt:fesetenv.obj
 0004:00000ed0       $pdata$feholdexcept        000000014001fed0     libucrt:feholdexcept.obj
 0004:00000ee8       $pdata$__acrt_stdio_allocate_buffer_nolock 000000014001fee8     libucrt:_getbuf.obj
 0004:00000ef4       $pdata$_strnicmp           000000014001fef4     libucrt:strnicmp.obj
 0004:00000f00       $pdata$_strnicmp_l         000000014001ff00     libucrt:strnicmp.obj
 0004:00000f0c       $pdata$__ascii_strnicmp    000000014001ff0c     libucrt:strnicmp.obj
 0004:00000f18       $pdata$__acrt_CompareStringA 000000014001ff18     libucrt:comparestringa.obj
 0004:00000f24       $pdata$?InternalCompareStringA@@YAHPEAU__crt_locale_pointers@@PEB_WKPEBDH2HH@Z 000000014001ff24     libucrt:comparestringa.obj
 0004:00000f30       $pdata$__dcrt_lowio_ensure_console_output_initialized 000000014001ff30     libucrt:initcon.obj
 0004:00000f3c       $pdata$__dcrt_write_console 000000014001ff3c     libucrt:initcon.obj
 0004:00000f48       $pdata$__dcrt_terminate_console_output 000000014001ff48     libucrt:initcon.obj
 0004:00000f54       $pdata$__acrt_fenv_set_control 000000014001ff54     libucrt:_fenvutils.obj
 0004:00000f60       $pdata$_clearfp            000000014001ff60     libucrt:ieee.obj
 0004:00000f6c       $pdata$_call_matherr       000000014001ff6c     libucrt:libm_error.obj
 0004:00000f78       $pdata$_exception_enabled  000000014001ff78     libucrt:libm_error.obj
 0004:00000f84       $pdata$_handle_error       000000014001ff84     libucrt:libm_error.obj
 0004:00000f90       $pdata$__acrt_initialize_fma3 000000014001ff90     libucrt:fma3_available.obj
 0004:00000f9c       $pdata$_log_special_common 000000014001ff9c     libucrt:log_special.obj
 0004:00000fa8       $pdata$_log10_special      000000014001ffa8     libucrt:log_special.obj
 0004:00000fc0       $pdata$_set_errno_from_matherr 000000014001ffc0     libucrt:fpexcept.obj
 0004:00000fcc       $pdata$_raise_exc          000000014001ffcc     libucrt:fpexcept.obj
 0004:00000fd8       $pdata$_raise_exc_ex       000000014001ffd8     libucrt:fpexcept.obj
 0004:00000fe4       $pdata$_clrfp              000000014001ffe4     libucrt:fpctrl.obj
 0004:00000ff0       $pdata$_ctrlfp             000000014001fff0     libucrt:fpctrl.obj
 0004:00000ffc       $pdata$_ctrlfp$filt$0      000000014001fffc     libucrt:fpctrl.obj
 0004:00001008       $pdata$_statfp             0000000140020008     libucrt:fpctrl.obj
 0004:00001014       $pdata$_set_statfp         0000000140020014     libucrt:fpctrl.obj
 0004:00001020       $pdata$_IsNonwritableInCurrentImage 0000000140020020     LIBCMT:pesect.obj
 0004:0000102c       $pdata$_IsNonwritableInCurrentImage$filt$0 000000014002002c     LIBCMT:pesect.obj
 0004:00001038       $pdata$__GSHandlerCheckCommon 0000000140020038     LIBCMT:gshandler.obj
 0004:00001044       $pdata$__GSHandlerCheck    0000000140020044     LIBCMT:gshandler.obj
 0004:0000105c       $pdata$__report_securityfailure 000000014002005c     LIBCMT:gs_report.obj
 0004:00001068       $pdata$__report_rangecheckfailure 0000000140020068     LIBCMT:gs_report.obj
 0004:00001074       $pdata$__report_gsfailure  0000000140020074     LIBCMT:gs_report.obj
 0004:00001080       $pdata$capture_current_context 0000000140020080     LIBCMT:gs_report.obj
 0004:0000108c       $pdata$capture_previous_context 000000014002008c     LIBCMT:gs_report.obj
 0004:00001098       $pdata$__raise_securityfailure 0000000140020098     LIBCMT:gs_report.obj
 0004:000010bc       $pdata$strrchr             00000001400200bc     libvcruntime:strrchr.obj
 0004:000010c8       $pdata$strchr              00000001400200c8     libvcruntime:strchr.obj
